lv_canvas.c:1181:13:set_px_cb_alpha8	40	static
lv_canvas.c:1100:17:lv_canvas_signal	16	static
lv_canvas.c:1139:13:set_px_cb_alpha1	40	static
lv_canvas.c:1153:13:set_px_cb_alpha2	40	static
lv_canvas.c:1167:13:set_px_cb_alpha4	40	static
lv_canvas.c:1209:13:set_px_true_color_alpha	64	static
lv_canvas.c:72:12:lv_canvas_create	24	static
lv_canvas.c:138:6:lv_canvas_set_buffer	24	static
lv_canvas.c:160:6:lv_canvas_set_px	24	static
lv_canvas.c:180:6:lv_canvas_set_palette	16	static
lv_canvas.c:201:12:lv_canvas_get_px	24	static
lv_canvas.c:216:16:lv_canvas_get_img	8	static
lv_canvas.c:239:6:lv_canvas_copy_buf	32	static
lv_canvas.c:276:6:lv_canvas_transform	184	static
lv_canvas.c:385:6:lv_canvas_blur_hor	152	static
lv_canvas.c:519:6:lv_canvas_blur_ver	152	static
lv_canvas.c:658:6:lv_canvas_fill_bg	48	static
lv_canvas.c:696:6:lv_canvas_draw_rect	488	static
lv_canvas.c:767:6:lv_canvas_draw_text	496	static
lv_canvas.c:843:6:lv_canvas_draw_img	480	static
lv_canvas.c:908:6:lv_canvas_draw_line	480	static
lv_canvas.c:971:6:lv_canvas_draw_polygon	480	static
lv_canvas.c:1035:6:lv_canvas_draw_arc	496	static
