lv_list.c:129:6:lv_list_clean	8	static
lv_list.c:279:6:lv_list_focus_btn	16	static
lv_list.c:147:12:lv_list_add_btn	88	static
lv_list.c:354:14:lv_list_get_btn_text	48	static
lv_list.c:368:12:lv_list_get_btn_label	48	static
lv_list.c:388:12:lv_list_get_btn_img	48	static
lv_list.c:413:12:lv_list_get_prev_btn	48	static
lv_list.c:310:6:lv_list_set_layout	88	static
lv_list.c:440:12:lv_list_get_next_btn	48	static
lv_list.c:644:17:lv_list_signal	24	static
lv_list.c:246:6:lv_list_remove	72	static
lv_list.c:790:17:lv_list_btn_signal	24	static
lv_list.c:68:12:lv_list_create	72	static
lv_list.c:467:9:lv_list_get_btn_index	64	static
lv_list.c:494:10:lv_list_get_size	56	static
lv_list.c:513:12:lv_list_get_btn_selected	8	static
lv_list.c:527:13:lv_list_get_layout	8	static
lv_list.c:542:6:lv_list_up	96	static
lv_list.c:583:6:lv_list_down	88	static
lv_list.c:620:6:lv_list_focus	16	static
