lv_obj.c:4558:13:style_prop_is_cacheble	0	static
lv_obj.c:4044:13:refresh_children_position	32	static
lv_obj.c:4543:13:obj_valid_child	16	static
lv_obj.c:4526:13:fade_in_anim_ready	8	static
lv_obj.c:4106:13:base_dir_refr_children	16	static
lv_obj.c:4404:13:trans_del	48	static
lv_obj.c:4495:13:trans_anim_ready_cb	32	static
lv_obj.c:164:6:lv_init	24	static
lv_obj.c:240:6:lv_deinit	8	static
lv_obj.c:517:6:lv_obj_del_async	8	static
lv_obj.c:1124:6:lv_obj_set_auto_realign	16	static
lv_obj.c:1147:6:lv_obj_set_ext_click_area	24	static
lv_obj.c:1228:6:lv_obj_clean_style_list	24	static
lv_obj.c:1356:6:lv_obj_remove_style_local_prop	32	static
lv_obj.c:1468:6:_lv_obj_disable_style_caching	32	static
lv_obj.c:1511:6:lv_obj_set_adv_hittest	16	static
lv_obj.c:1523:6:lv_obj_set_click	16	static
lv_obj.c:1536:6:lv_obj_set_top	16	static
lv_obj.c:1548:6:lv_obj_set_drag	16	static
lv_obj.c:1561:6:lv_obj_set_drag_dir	16	static
lv_obj.c:1575:6:lv_obj_set_drag_throw	16	static
lv_obj.c:1588:6:lv_obj_set_drag_parent	16	static
lv_obj.c:1601:6:lv_obj_set_gesture_parent	0	static
lv_obj.c:1636:6:lv_obj_set_parent_event	16	static
lv_obj.c:1649:6:lv_obj_set_base_dir	16	static
lv_obj.c:1671:6:lv_obj_add_protect	16	static
lv_obj.c:1683:6:lv_obj_clear_protect	16	static
lv_obj.c:1859:6:lv_obj_set_event_cb	16	static
lv_obj.c:1939:10:lv_event_send_func	48	static
lv_obj.c:1873:10:lv_event_send	16	static
lv_obj.c:1889:10:lv_event_send_refresh	8	static
lv_obj.c:1898:6:lv_event_send_refresh_recursive	16	static
lv_obj.c:1996:14:lv_event_get_data	0	static
lv_obj.c:2007:6:lv_obj_set_signal_cb	16	static
lv_obj.c:2020:10:lv_signal_send	0	static
lv_obj.c:2035:6:lv_obj_set_design_cb	16	static
lv_obj.c:2053:8:lv_obj_allocate_ext_attr	16	static
lv_obj.c:2069:6:lv_obj_refresh_ext_draw_pad	8	static
lv_obj.c:2087:12:lv_obj_get_screen	8	static
lv_obj.c:2107:13:lv_obj_get_disp	24	static
lv_obj.c:581:6:lv_obj_area_is_visible	32	static
lv_obj.c:626:6:lv_obj_is_visible	32	static
lv_obj.c:543:6:lv_obj_invalidate_area	24	static
lv_obj.c:3757:13:obj_del_core	24	static
lv_obj.c:558:6:lv_obj_invalidate	32	static
lv_obj.c:710:6:lv_obj_move_foreground	16	static
lv_obj.c:733:6:lv_obj_move_background	16	static
lv_obj.c:762:6:lv_obj_set_pos.part.0	48	static
lv_obj.c:762:6:lv_obj_set_pos	16	static
lv_obj.c:825:6:lv_obj_set_y	16	static
lv_obj.c:1018:6:lv_obj_align_y	32	static
lv_obj.c:813:6:lv_obj_set_x	16	static
lv_obj.c:1000:6:lv_obj_align_x	32	static
lv_obj.c:973:6:lv_obj_align	40	static
lv_obj.c:4141:13:obj_align_mid_core	56	static
lv_obj.c:1037:6:lv_obj_align_mid	40	static
lv_obj.c:1066:6:lv_obj_align_mid_x	40	static
lv_obj.c:1086:6:lv_obj_align_mid_y	40	static
lv_obj.c:1103:6:lv_obj_realign	40	static
lv_obj.c:4093:13:refresh_children_style	16	static
lv_obj.c:1492:6:lv_obj_set_hidden	16	static
lv_obj.c:267:12:lv_obj_create	32	static
lv_obj.c:655:6:lv_obj_set_parent	24	static
lv_obj.c:838:6:lv_obj_set_size.part.0	32	static
lv_obj.c:838:6:lv_obj_set_size	16	static
lv_obj.c:904:6:lv_obj_set_height	24	static
lv_obj.c:892:6:lv_obj_set_width	24	static
lv_obj.c:471:10:lv_obj_del	24	static
lv_obj.c:527:6:lv_obj_clean	32	static
lv_obj.c:505:6:lv_obj_del_anim_ready_cb	24	static
lv_obj.c:3750:13:lv_obj_del_async_cb	24	static
lv_obj.c:2139:12:lv_obj_get_parent	8	static
lv_obj.c:2153:12:lv_obj_get_child	16	static
lv_obj.c:2176:12:lv_obj_get_child_back	16	static
lv_obj.c:2197:10:lv_obj_count_children	16	static
lv_obj.c:2213:10:lv_obj_count_children_recursive	16	static
lv_obj.c:2237:6:lv_obj_get_coords	16	static
lv_obj.c:2270:12:lv_obj_get_x	8	static
lv_obj.c:2290:12:lv_obj_get_y	8	static
lv_obj.c:2310:12:lv_obj_get_width	8	static
lv_obj.c:2322:12:lv_obj_get_height	8	static
lv_obj.c:2434:6:lv_obj_get_auto_realign	8	static
lv_obj.c:2451:12:lv_obj_get_ext_click_pad_left	8	static
lv_obj.c:2470:12:lv_obj_get_ext_click_pad_right	8	static
lv_obj.c:2489:12:lv_obj_get_ext_click_pad_top	8	static
lv_obj.c:2508:12:lv_obj_get_ext_click_pad_bottom	8	static
lv_obj.c:2527:12:lv_obj_get_ext_draw_pad	8	static
lv_obj.c:2538:19:lv_obj_get_style_list	16	static
lv_obj.c:2699:12:_lv_obj_get_style_color	40	static
lv_obj.c:2833:14:_lv_obj_get_style_ptr	48	static
lv_obj.c:4612:13:update_style_cache.part.0	32	static
lv_obj.c:2755:10:_lv_obj_get_style_opa	48	static
lv_obj.c:2568:16:_lv_obj_get_style_int	48	static
lv_obj.c:916:6:lv_obj_set_width_fit	32	static
lv_obj.c:2334:12:lv_obj_get_width_fit	16	static
lv_obj.c:929:6:lv_obj_set_height_fit	32	static
lv_obj.c:2349:12:lv_obj_get_height_fit	16	static
lv_obj.c:943:6:lv_obj_set_width_margin	32	static
lv_obj.c:2379:12:lv_obj_get_width_margin	16	static
lv_obj.c:957:6:lv_obj_set_height_margin	32	static
lv_obj.c:2365:12:lv_obj_get_height_margin	16	static
lv_obj.c:2249:6:lv_obj_get_inner_coords	16	static
lv_obj.c:2397:12:lv_obj_get_width_grid	24	static
lv_obj.c:2418:12:lv_obj_get_height_grid	24	static
lv_obj.c:2833:14:_lv_obj_get_style_ptr.constprop	40	static
lv_obj.c:4697:13:update_style_cache_children	40	static
lv_obj.c:4734:13:invalidate_style_cache.isra.0	32	static
lv_obj.c:1370:6:lv_obj_refresh_style.part.0	16	static
lv_obj.c:1370:6:lv_obj_refresh_style	16	static
lv_obj.c:4430:13:trans_anim_cb	32	static
lv_obj.c:1838:6:lv_obj_finish_transitions	24	static
lv_obj.c:4062:13:report_style_mod_core	40	static
lv_obj.c:1450:6:lv_obj_report_style_mod	24	static
lv_obj.c:4521:13:opa_scale_anim	8	static
lv_obj.c:1250:6:lv_obj_reset_style_list	24	static
lv_obj.c:1335:6:_lv_obj_set_style_local_ptr	32	static
lv_obj.c:1291:6:_lv_obj_set_style_local_color	32	static
lv_obj.c:1313:6:_lv_obj_set_style_local_opa	32	static
lv_obj.c:1269:6:_lv_obj_set_style_local_int	32	static
lv_obj.c:1179:6:lv_obj_add_style	24	static
lv_obj.c:1203:6:lv_obj_remove_style	24	static
lv_obj.c:2833:14:_lv_obj_get_style_ptr.constprop	32	static
lv_obj.c:4466:13:trans_anim_start_cb	16	static
lv_obj.c:2906:14:lv_obj_get_local_style	24	static
lv_obj.c:2922:6:lv_obj_get_hidden	8	static
lv_obj.c:2934:6:lv_obj_get_adv_hittest	8	static
lv_obj.c:2946:6:lv_obj_get_click	8	static
lv_obj.c:2958:6:lv_obj_get_top	8	static
lv_obj.c:2970:6:lv_obj_get_drag	8	static
lv_obj.c:2982:15:lv_obj_get_drag_dir	8	static
lv_obj.c:2994:6:lv_obj_get_drag_throw	8	static
lv_obj.c:3006:6:lv_obj_get_drag_parent	0	static
lv_obj.c:3016:6:lv_obj_get_gesture_parent	0	static
lv_obj.c:3026:6:lv_obj_get_focus_parent	0	static
lv_obj.c:3036:6:lv_obj_get_parent_event	8	static
lv_obj.c:3043:15:lv_obj_get_base_dir	8	static
lv_obj.c:3068:9:lv_obj_get_protect	8	static
lv_obj.c:3081:6:lv_obj_is_protected	16	static
lv_obj.c:3088:12:lv_obj_get_state	24	static
lv_obj.c:3111:16:lv_obj_get_signal_cb	8	static
lv_obj.c:3123:16:lv_obj_get_design_cb	8	static
lv_obj.c:3135:15:lv_obj_get_event_cb	8	static
lv_obj.c:3152:8:lv_obj_get_ext_attr	8	static
lv_obj.c:3165:6:lv_obj_get_type	48	static
lv_obj.c:3233:8:lv_obj_get_group	8	static
lv_obj.c:3250:6:lv_obj_is_focused	8	static
lv_obj.c:3277:6:lv_obj_is_point_on_coords	32	static
lv_obj.c:3309:6:lv_obj_hittest	24	static
lv_obj.c:3329:10:lv_obj_handle_get_type_signal	0	static
lv_obj.c:3348:6:lv_obj_init_draw_rect_dsc	24	static
lv_obj.c:3840:24:lv_obj_design	136	static
lv_obj.c:3485:6:lv_obj_init_draw_label_dsc	16	static
lv_obj.c:3518:6:lv_obj_init_draw_img_dsc	16	static
lv_obj.c:3545:6:lv_obj_init_draw_line_dsc	16	static
lv_obj.c:4757:13:style_snapshot	48	static
lv_obj.c:1698:6:lv_obj_set_state.part.0	464	static
lv_obj.c:1698:6:lv_obj_set_state	16	static
lv_obj.c:1805:6:lv_obj_add_state	16	static
lv_obj.c:1822:6:lv_obj_clear_state	16	static
lv_obj.c:1612:6:lv_obj_set_focus_parent	16	static
lv_obj.c:3581:12:lv_obj_get_draw_rect_ext_pad_size	64	static
lv_obj.c:3965:17:lv_obj_signal	24	static
lv_obj.c:3657:6:lv_obj_fade_in	88	static
lv_obj.c:3682:6:lv_obj_fade_out	88	static
lv_obj.c:3706:6:lv_debug_check_obj_type	40	static
lv_obj.c:3728:6:lv_debug_check_obj_valid	32	static
lv_obj.c:3947:12:lv_obj_get_focused_obj	8	static
