lv_refr.c:916:13:lv_refr_vdb_flush	120	static
lv_refr.c:671:13:lv_refr_obj.part.0	64	static
lv_refr.c:627:13:lv_refr_obj_and_children	24	static
lv_refr.c:586:19:lv_refr_get_top_obj.part.0	24	static
lv_refr.c:499:13:lv_refr_area_part	136	static
lv_refr.c:69:6:_lv_refr_init	0	static
lv_refr.c:106:6:_lv_inv_area	48	static
lv_refr.c:155:13:_lv_refr_get_disp_refreshing	0	static
lv_refr.c:166:6:_lv_refr_set_disp_refreshing	0	static
lv_refr.c:175:6:_lv_disp_refr_task	72	static
lv_refr.c:81:6:lv_refr_now	8	static
