lv_style.c:52:6:lv_style_init	0	static
lv_style.c:65:6:lv_style_copy	24	static
lv_style.c:84:6:lv_style_remove_prop	48	static
lv_style.c:118:6:lv_style_list_init	0	static
lv_style.c:224:6:_lv_style_list_remove_style	24	static
lv_style.c:186:6:_lv_style_list_add_style.part.0	24	static
lv_style.c:186:6:_lv_style_list_add_style	0	static
lv_style.c:1040:21:get_alloc_local_style	16	static
lv_style.c:131:6:lv_style_list_copy	24	static
lv_style.c:273:6:_lv_style_list_reset	16	static
lv_style.c:310:6:lv_style_reset	8	static
lv_style.c:321:10:_lv_style_get_mem_size	8	static
lv_style.c:346:6:_lv_style_set_int	64	static
lv_style.c:389:6:_lv_style_set_color	64	static
lv_style.c:432:6:_lv_style_set_opa	64	static
lv_style.c:475:6:_lv_style_set_ptr	64	static
lv_style.c:518:9:_lv_style_get_int	40	static
lv_style.c:546:9:_lv_style_get_opa	40	static
lv_style.c:574:9:_lv_style_get_color	48	static
lv_style.c:602:9:_lv_style_get_ptr	40	static
lv_style.c:622:14:lv_style_list_get_local_style	0	static
lv_style.c:636:14:_lv_style_list_get_transition_style	0	static
lv_style.c:649:14:_lv_style_list_add_trans_style	16	static
lv_style.c:683:6:_lv_style_list_set_local_int	24	static
lv_style.c:699:6:_lv_style_list_set_local_opa	24	static
lv_style.c:715:6:_lv_style_list_set_local_color	24	static
lv_style.c:731:6:_lv_style_list_set_local_ptr	24	static
lv_style.c:750:10:_lv_style_list_get_int	88	static
lv_style.c:801:10:_lv_style_list_get_color	88	static
lv_style.c:852:10:_lv_style_list_get_opa	72	static
lv_style.c:902:10:_lv_style_list_get_ptr	72	static
lv_style.c:946:6:lv_debug_check_style	0	static
lv_style.c:965:6:lv_debug_check_style_list	0	static
