inv_mpu_dmp_motion_driver.c:507:5:dmp_load_motion_driver_firmware	0	static
inv_mpu_dmp_motion_driver.c:520:5:dmp_set_orientation	40	static
inv_mpu_dmp_motion_driver.c:575:5:dmp_set_gyro_bias	32	static
inv_mpu_dmp_motion_driver.c:627:5:dmp_set_accel_bias	72	static
inv_mpu_dmp_motion_driver.c:679:5:dmp_set_fifo_rate	40	static
inv_mpu_dmp_motion_driver.c:705:5:dmp_get_fifo_rate	0	static
inv_mpu_dmp_motion_driver.c:717:5:dmp_set_tap_thresh	24	static
inv_mpu_dmp_motion_driver.c:783:5:dmp_set_tap_axes	16	static
inv_mpu_dmp_motion_driver.c:801:5:dmp_set_tap_count	16	static
inv_mpu_dmp_motion_driver.c:819:5:dmp_set_tap_time	16	static
inv_mpu_dmp_motion_driver.c:835:5:dmp_set_tap_time_multi	16	static
inv_mpu_dmp_motion_driver.c:853:5:dmp_set_shake_reject_thresh	16	static
inv_mpu_dmp_motion_driver.c:872:5:dmp_set_shake_reject_time	16	static
inv_mpu_dmp_motion_driver.c:890:5:dmp_set_shake_reject_timeout	16	static
inv_mpu_dmp_motion_driver.c:905:5:dmp_get_pedometer_step_count	16	static
inv_mpu_dmp_motion_driver.c:926:5:dmp_set_pedometer_step_count	16	static
inv_mpu_dmp_motion_driver.c:942:5:dmp_get_pedometer_walk_time	16	static
inv_mpu_dmp_motion_driver.c:962:5:dmp_set_pedometer_walk_time	16	static
inv_mpu_dmp_motion_driver.c:992:5:dmp_enable_feature	56	static
inv_mpu_dmp_motion_driver.c:1114:5:dmp_get_enabled_features	0	static
inv_mpu_dmp_motion_driver.c:1129:5:dmp_enable_gyro_cal	24	static
inv_mpu_dmp_motion_driver.c:1147:5:dmp_enable_lp_quat	16	static
inv_mpu_dmp_motion_driver.c:1171:5:dmp_enable_6x_lp_quat	16	static
inv_mpu_dmp_motion_driver.c:1224:5:dmp_set_interrupt_mode	40	static
inv_mpu_dmp_motion_driver.c:1263:5:dmp_read_fifo	128	static
inv_mpu_dmp_motion_driver.c:1356:5:dmp_register_tap_cb	0	static
inv_mpu_dmp_motion_driver.c:1367:5:dmp_register_android_orient_cb	0	static
