inv_mpu.c:2425:12:get_st_6500_biases	576	static
inv_mpu.c:651:12:set_int_enable	16	static
inv_mpu.c:683:5:mpu_reg_dump	32	static
inv_mpu.c:705:5:mpu_read_reg	8	static
inv_mpu.c:905:5:mpu_get_gyro_reg	24	static
inv_mpu.c:928:5:mpu_get_accel_reg	24	static
inv_mpu.c:951:5:mpu_get_temperature	32	static
inv_mpu.c:977:5:mpu_read_6500_accel_bias	24	static
inv_mpu.c:999:5:mpu_read_6050_accel_bias	24	static
inv_mpu.c:1013:5:mpu_read_6500_gyro_bias	24	static
inv_mpu.c:1035:5:mpu_set_gyro_bias_reg	24	static
inv_mpu.c:1065:5:mpu_set_accel_bias_6050_reg	48	static
inv_mpu.c:1103:5:mpu_set_accel_bias_6500_reg	48	static
inv_mpu.c:1137:5:mpu_reset_fifo	16	static
inv_mpu.c:821:5:mpu_lp_accel_mode	24	static
inv_mpu.c:1199:5:mpu_get_gyro_fsr	0	static
inv_mpu.c:1226:5:mpu_set_gyro_fsr	16	static
inv_mpu.c:1263:5:mpu_get_accel_fsr	0	static
inv_mpu.c:1291:5:mpu_set_accel_fsr	16	static
inv_mpu.c:1328:5:mpu_get_lpf	0	static
inv_mpu.c:1364:5:mpu_set_lpf	16	static
inv_mpu.c:1397:5:mpu_get_sample_rate	0	static
inv_mpu.c:1412:5:mpu_set_sample_rate	24	static
inv_mpu.c:1459:5:mpu_get_compass_sample_rate	0	static
inv_mpu.c:1481:5:mpu_set_compass_sample_rate	16	static
inv_mpu.c:1503:5:mpu_get_gyro_sens	0	static
inv_mpu.c:1529:5:mpu_get_accel_sens	0	static
inv_mpu.c:1561:5:mpu_get_fifo_config	0	static
inv_mpu.c:1576:5:mpu_configure_fifo	24	static
inv_mpu.c:1618:5:mpu_get_power_state	0	static
inv_mpu.c:1637:5:mpu_set_sensors	32	static
inv_mpu.c:1714:5:mpu_get_int_status	16	static
inv_mpu.c:1743:5:mpu_read_fifo	96	static
inv_mpu.c:1824:5:mpu_read_fifo_stream	32	static
inv_mpu.c:1862:5:mpu_set_bypass	24	static
inv_mpu.c:727:5:mpu_init	40	static
inv_mpu.c:1912:5:mpu_set_int_level	0	static
inv_mpu.c:1924:5:mpu_set_int_latched	24	static
inv_mpu.c:2567:5:mpu_run_6500_self_test	160	static
inv_mpu.c:2688:5:mpu_run_self_test	88	static
inv_mpu.c:2792:5:mpu_write_mem	24	static
inv_mpu.c:2825:5:mpu_read_mem	24	static
inv_mpu.c:2857:5:mpu_load_firmware	72	static
inv_mpu.c:2898:5:mpu_set_dmp_state	24	static
inv_mpu.c:2937:5:mpu_get_dmp_state	0	static
inv_mpu.c:3053:5:mpu_get_compass_reg	40	static
inv_mpu.c:3106:5:mpu_get_compass_fsr	0	static
inv_mpu.c:3154:5:mpu_lp_motion_interrupt	40	static
inv_mpu.c:3328:9:run_self_test	40	static
inv_mpu.c:3359:16:inv_row_2_scale	0	static
inv_mpu.c:3380:6:mget_ms	0	static
inv_mpu.c:3387:9:mpu_dmp_init	32	static
inv_mpu.c:3455:9:mpu_dmp_get_data	104	static
inv_mpu.c:3493:9:mpu_mpl_get_data	152	static
