Archive member included to satisfy reference by file (symbol)

E:\project\RoboCup\STM32\Src\mpu9250\dmp\mpl\liblibmplmpu.a(compass_vec_cal.o)
                              Src/mpu9250/dmp/driver/eMPL/inv_mpu.o (inv_enable_vector_compass_cal)
E:\project\RoboCup\STM32\Src\mpu9250\dmp\mpl\liblibmplmpu.a(fast_no_motion.o)
                              Src/mpu9250/dmp/driver/eMPL/inv_mpu.o (inv_enable_fast_nomot)
E:\project\RoboCup\STM32\Src\mpu9250\dmp\mpl\liblibmplmpu.a(fusion_9axis.o)
                              Src/mpu9250/dmp/driver/eMPL/inv_mpu.o (inv_enable_9x_sensor_fusion)
E:\project\RoboCup\STM32\Src\mpu9250\dmp\mpl\liblibmplmpu.a(gyro_tc.o)
                              Src/mpu9250/dmp/driver/eMPL/inv_mpu.o (inv_enable_gyro_tc)
E:\project\RoboCup\STM32\Src\mpu9250\dmp\mpl\liblibmplmpu.a(mag_disturb.o)
                              E:\project\RoboCup\STM32\Src\mpu9250\dmp\mpl\liblibmplmpu.a(compass_vec_cal.o) (inv_set_magnetic_disturbance)
E:\project\RoboCup\STM32\Src\mpu9250\dmp\mpl\liblibmplmpu.a(quaternion_supervisor.o)
                              Src/mpu9250/dmp/driver/eMPL/inv_mpu.o (inv_enable_quaternion)
E:\project\RoboCup\STM32\Src\mpu9250\dmp\mpl\liblibmplmpu.a(accel_auto_cal.o)
                              E:\project\RoboCup\STM32\Src\mpu9250\dmp\mpl\liblibmplmpu.a(compass_vec_cal.o) (inv_init_check_sample_balance_parameter)
c:/st/stm32cubeide_1.6.1/stm32cubeide/plugins/com.st.stm32cube.ide.mcu.externaltools.gnu-tools-for-stm32.9-2020-q2-update.win32_1.5.0.202011040924/tools/bin/../lib/gcc/arm-none-eabi/9.3.1/../../../../arm-none-eabi/lib/thumb/v7-m/nofp\libc_nano.a(lib_a-errno.o)
                              Src/syscalls.o (__errno)
c:/st/stm32cubeide_1.6.1/stm32cubeide/plugins/com.st.stm32cube.ide.mcu.externaltools.gnu-tools-for-stm32.9-2020-q2-update.win32_1.5.0.202011040924/tools/bin/../lib/gcc/arm-none-eabi/9.3.1/../../../../arm-none-eabi/lib/thumb/v7-m/nofp\libc_nano.a(lib_a-exit.o)
                              c:/st/stm32cubeide_1.6.1/stm32cubeide/plugins/com.st.stm32cube.ide.mcu.externaltools.gnu-tools-for-stm32.9-2020-q2-update.win32_1.5.0.202011040924/tools/bin/../lib/gcc/arm-none-eabi/9.3.1/../../../../arm-none-eabi/lib/thumb/v7-m/nofp/crt0.o (exit)
c:/st/stm32cubeide_1.6.1/stm32cubeide/plugins/com.st.stm32cube.ide.mcu.externaltools.gnu-tools-for-stm32.9-2020-q2-update.win32_1.5.0.202011040924/tools/bin/../lib/gcc/arm-none-eabi/9.3.1/../../../../arm-none-eabi/lib/thumb/v7-m/nofp\libc_nano.a(lib_a-fputc.o)
                              Src/mpu9250/dmp/driver/stm32L/log_stm32.o (fputc)
c:/st/stm32cubeide_1.6.1/stm32cubeide/plugins/com.st.stm32cube.ide.mcu.externaltools.gnu-tools-for-stm32.9-2020-q2-update.win32_1.5.0.202011040924/tools/bin/../lib/gcc/arm-none-eabi/9.3.1/../../../../arm-none-eabi/lib/thumb/v7-m/nofp\libc_nano.a(lib_a-impure.o)
                              c:/st/stm32cubeide_1.6.1/stm32cubeide/plugins/com.st.stm32cube.ide.mcu.externaltools.gnu-tools-for-stm32.9-2020-q2-update.win32_1.5.0.202011040924/tools/bin/../lib/gcc/arm-none-eabi/9.3.1/../../../../arm-none-eabi/lib/thumb/v7-m/nofp\libc_nano.a(lib_a-exit.o) (_global_impure_ptr)
c:/st/stm32cubeide_1.6.1/stm32cubeide/plugins/com.st.stm32cube.ide.mcu.externaltools.gnu-tools-for-stm32.9-2020-q2-update.win32_1.5.0.202011040924/tools/bin/../lib/gcc/arm-none-eabi/9.3.1/../../../../arm-none-eabi/lib/thumb/v7-m/nofp\libc_nano.a(lib_a-init.o)
                              c:/st/stm32cubeide_1.6.1/stm32cubeide/plugins/com.st.stm32cube.ide.mcu.externaltools.gnu-tools-for-stm32.9-2020-q2-update.win32_1.5.0.202011040924/tools/bin/../lib/gcc/arm-none-eabi/9.3.1/../../../../arm-none-eabi/lib/thumb/v7-m/nofp/crt0.o (__libc_init_array)
c:/st/stm32cubeide_1.6.1/stm32cubeide/plugins/com.st.stm32cube.ide.mcu.externaltools.gnu-tools-for-stm32.9-2020-q2-update.win32_1.5.0.202011040924/tools/bin/../lib/gcc/arm-none-eabi/9.3.1/../../../../arm-none-eabi/lib/thumb/v7-m/nofp\libc_nano.a(lib_a-lock.o)
                              c:/st/stm32cubeide_1.6.1/stm32cubeide/plugins/com.st.stm32cube.ide.mcu.externaltools.gnu-tools-for-stm32.9-2020-q2-update.win32_1.5.0.202011040924/tools/bin/../lib/gcc/arm-none-eabi/9.3.1/../../../../arm-none-eabi/lib/thumb/v7-m/nofp\libc_nano.a(lib_a-fputc.o) (__retarget_lock_acquire_recursive)
c:/st/stm32cubeide_1.6.1/stm32cubeide/plugins/com.st.stm32cube.ide.mcu.externaltools.gnu-tools-for-stm32.9-2020-q2-update.win32_1.5.0.202011040924/tools/bin/../lib/gcc/arm-none-eabi/9.3.1/../../../../arm-none-eabi/lib/thumb/v7-m/nofp\libc_nano.a(lib_a-memcmp.o)
                              Src/App/ThirdParty/lvgl/src/lv_core/lv_obj.o (memcmp)
c:/st/stm32cubeide_1.6.1/stm32cubeide/plugins/com.st.stm32cube.ide.mcu.externaltools.gnu-tools-for-stm32.9-2020-q2-update.win32_1.5.0.202011040924/tools/bin/../lib/gcc/arm-none-eabi/9.3.1/../../../../arm-none-eabi/lib/thumb/v7-m/nofp\libc_nano.a(lib_a-memcpy-stub.o)
                              Src/App/ThirdParty/lvgl/src/lv_draw/lv_img_buf.o (memcpy)
[...]
Memory Configuration

Name             Origin             Length             Attributes
RAM              0x0000000020000000 0x000000000000c000 xrw
FLASH            0x0000000008000000 0x0000000000040000 xr
*default*        0x0000000000000000 0xffffffffffffffff

Linker script and memory map

LOAD c:/st/stm32cubeide_1.6.1/stm32cubeide/plugins/com.st.stm32cube.ide.mcu.externaltools.gnu-tools-for-stm32.9-2020-q2-update.win32_1.5.0.202011040924/tools/bin/../lib/gcc/arm-none-eabi/9.3.1/thumb/v7-m/nofp/crti.o
LOAD c:/st/stm32cubeide_1.6.1/stm32cubeide/plugins/com.st.stm32cube.ide.mcu.externaltools.gnu-tools-for-stm32.9-2020-q2-update.win32_1.5.0.202011040924/tools/bin/../lib/gcc/arm-none-eabi/9.3.1/thumb/v7-m/nofp/crtbegin.o
LOAD c:/st/stm32cubeide_1.6.1/stm32cubeide/plugins/com.st.stm32cube.ide.mcu.externaltools.gnu-tools-for-stm32.9-2020-q2-update.win32_1.5.0.202011040924/tools/bin/../lib/gcc/arm-none-eabi/9.3.1/../../../../arm-none-eabi/lib/thumb/v7-m/nofp/crt0.o
LOAD Drivers/STM32F1xx_HAL_Driver/Src/stm32f1xx_hal.o
LOAD Drivers/STM32F1xx_HAL_Driver/Src/stm32f1xx_hal_cortex.o
LOAD Drivers/STM32F1xx_HAL_Driver/Src/stm32f1xx_hal_dma.o
LOAD Drivers/STM32F1xx_HAL_Driver/Src/stm32f1xx_hal_exti.o
LOAD Drivers/STM32F1xx_HAL_Driver/Src/stm32f1xx_hal_flash.o
LOAD Drivers/STM32F1xx_HAL_Driver/Src/stm32f1xx_hal_flash_ex.o
LOAD Drivers/STM32F1xx_HAL_Driver/Src/stm32f1xx_hal_gpio.o
LOAD Drivers/STM32F1xx_HAL_Driver/Src/stm32f1xx_hal_gpio_ex.o
LOAD Drivers/STM32F1xx_HAL_Driver/Src/stm32f1xx_hal_i2c.o
LOAD Drivers/STM32F1xx_HAL_Driver/Src/stm32f1xx_hal_pwr.o
LOAD Drivers/STM32F1xx_HAL_Driver/Src/stm32f1xx_hal_rcc.o
LOAD Drivers/STM32F1xx_HAL_Driver/Src/stm32f1xx_hal_rcc_ex.o
LOAD Drivers/STM32F1xx_HAL_Driver/Src/stm32f1xx_hal_tim.o
LOAD Drivers/STM32F1xx_HAL_Driver/Src/stm32f1xx_hal_tim_ex.o
LOAD Drivers/STM32F1xx_HAL_Driver/Src/stm32f1xx_ll_dma.o
LOAD Drivers/STM32F1xx_HAL_Driver/Src/stm32f1xx_ll_exti.o
LOAD Drivers/STM32F1xx_HAL_Driver/Src/stm32f1xx_ll_gpio.o
LOAD Drivers/STM32F1xx_HAL_Driver/Src/stm32f1xx_ll_rcc.o
LOAD Drivers/STM32F1xx_HAL_Driver/Src/stm32f1xx_ll_spi.o
LOAD Drivers/STM32F1xx_HAL_Driver/Src/stm32f1xx_ll_tim.o
LOAD Drivers/STM32F1xx_HAL_Driver/Src/stm32f1xx_ll_usart.o
LOAD Drivers/STM32F1xx_HAL_Driver/Src/stm32f1xx_ll_utils.o
LOAD Src/App/App.o
LOAD Src/App/MotionControl/MotionControl.o
LOAD Src/App/PID/PID.o
LOAD Src/App/PIDManagement/PIDManagement.o
LOAD Src/App/ThirdParty/lvgl/examples/porting/lv_port_disp_template.o
LOAD Src/App/ThirdParty/lvgl/examples/porting/lv_port_fs_template.o
LOAD Src/App/ThirdParty/lvgl/examples/porting/lv_port_indev_template.o
LOAD Src/App/ThirdParty/lvgl/src/lv_core/lv_disp.o
LOAD Src/App/ThirdParty/lvgl/src/lv_core/lv_group.o
LOAD Src/App/ThirdParty/lvgl/src/lv_core/lv_indev.o
LOAD Src/App/ThirdParty/lvgl/src/lv_core/lv_obj.o
LOAD Src/App/ThirdParty/lvgl/src/lv_core/lv_refr.o
LOAD Src/App/ThirdParty/lvgl/src/lv_core/lv_style.o
LOAD Src/App/ThirdParty/lvgl/src/lv_draw/lv_draw_arc.o
LOAD Src/App/ThirdParty/lvgl/src/lv_draw/lv_draw_blend.o
LOAD Src/App/ThirdParty/lvgl/src/lv_draw/lv_draw_img.o
LOAD Src/App/ThirdParty/lvgl/src/lv_draw/lv_draw_label.o
LOAD Src/App/ThirdParty/lvgl/src/lv_draw/lv_draw_line.o
LOAD Src/App/ThirdParty/lvgl/src/lv_draw/lv_draw_mask.o
LOAD Src/App/ThirdParty/lvgl/src/lv_draw/lv_draw_rect.o
LOAD Src/App/ThirdParty/lvgl/src/lv_draw/lv_draw_triangle.o
LOAD Src/App/ThirdParty/lvgl/src/lv_draw/lv_img_buf.o
LOAD Src/App/ThirdParty/lvgl/src/lv_draw/lv_img_cache.o
LOAD Src/App/ThirdParty/lvgl/src/lv_draw/lv_img_decoder.o
LOAD Src/App/ThirdParty/lvgl/src/lv_font/lv_font.o
LOAD Src/App/ThirdParty/lvgl/src/lv_font/lv_font_dejavu_16_persian_hebrew.o
LOAD Src/App/ThirdParty/lvgl/src/lv_font/lv_font_fmt_txt.o
LOAD Src/App/ThirdParty/lvgl/src/lv_font/lv_font_loader.o
LOAD Src/App/ThirdParty/lvgl/src/lv_font/lv_font_montserrat_10.o
LOAD Src/App/ThirdParty/lvgl/src/lv_font/lv_font_montserrat_12.o
LOAD Src/App/ThirdParty/lvgl/src/lv_font/lv_font_montserrat_12_subpx.o
LOAD Src/App/ThirdParty/lvgl/src/lv_font/lv_font_montserrat_14.o
LOAD Src/App/ThirdParty/lvgl/src/lv_font/lv_font_montserrat_16.o
LOAD Src/App/ThirdParty/lvgl/src/lv_font/lv_font_montserrat_18.o
LOAD Src/App/ThirdParty/lvgl/src/lv_font/lv_font_montserrat_20.o
LOAD Src/App/ThirdParty/lvgl/src/lv_font/lv_font_montserrat_22.o
LOAD Src/App/ThirdParty/lvgl/src/lv_font/lv_font_montserrat_24.o
LOAD Src/App/ThirdParty/lvgl/src/lv_font/lv_font_montserrat_26.o
LOAD Src/App/ThirdParty/lvgl/src/lv_font/lv_font_montserrat_28.o
LOAD Src/App/ThirdParty/lvgl/src/lv_font/lv_font_montserrat_28_compressed.o
LOAD Src/App/ThirdParty/lvgl/src/lv_font/lv_font_montserrat_30.o
LOAD Src/App/ThirdParty/lvgl/src/lv_font/lv_font_montserrat_32.o
LOAD Src/App/ThirdParty/lvgl/src/lv_font/lv_font_montserrat_34.o
LOAD Src/App/ThirdParty/lvgl/src/lv_font/lv_font_montserrat_36.o
LOAD Src/App/ThirdParty/lvgl/src/lv_font/lv_font_montserrat_38.o
LOAD Src/App/ThirdParty/lvgl/src/lv_font/lv_font_montserrat_40.o
LOAD Src/App/ThirdParty/lvgl/src/lv_font/lv_font_montserrat_42.o
LOAD Src/App/ThirdParty/lvgl/src/lv_font/lv_font_montserrat_44.o
LOAD Src/App/ThirdParty/lvgl/src/lv_font/lv_font_montserrat_46.o
LOAD Src/App/ThirdParty/lvgl/src/lv_font/lv_font_montserrat_48.o
LOAD Src/App/ThirdParty/lvgl/src/lv_font/lv_font_montserrat_8.o
LOAD Src/App/ThirdParty/lvgl/src/lv_font/lv_font_simsun_16_cjk.o
LOAD Src/App/ThirdParty/lvgl/src/lv_font/lv_font_unscii_16.o
LOAD Src/App/ThirdParty/lvgl/src/lv_font/lv_font_unscii_8.o
LOAD Src/App/ThirdParty/lvgl/src/lv_gpu/lv_gpu_nxp_pxp.o
LOAD Src/App/ThirdParty/lvgl/src/lv_gpu/lv_gpu_nxp_pxp_osa.o
LOAD Src/App/ThirdParty/lvgl/src/lv_gpu/lv_gpu_nxp_vglite.o
LOAD Src/App/ThirdParty/lvgl/src/lv_gpu/lv_gpu_stm32_dma2d.o
LOAD Src/App/ThirdParty/lvgl/src/lv_hal/lv_hal_disp.o
LOAD Src/App/ThirdParty/lvgl/src/lv_hal/lv_hal_indev.o
LOAD Src/App/ThirdParty/lvgl/src/lv_hal/lv_hal_tick.o
LOAD Src/App/ThirdParty/lvgl/src/lv_misc/lv_anim.o
LOAD Src/App/ThirdParty/lvgl/src/lv_misc/lv_area.o
LOAD Src/App/ThirdParty/lvgl/src/lv_misc/lv_async.o
LOAD Src/App/ThirdParty/lvgl/src/lv_misc/lv_bidi.o
LOAD Src/App/ThirdParty/lvgl/src/lv_misc/lv_color.o
LOAD Src/App/ThirdParty/lvgl/src/lv_misc/lv_debug.o
LOAD Src/App/ThirdParty/lvgl/src/lv_misc/lv_fs.o
LOAD Src/App/ThirdParty/lvgl/src/lv_misc/lv_gc.o
LOAD Src/App/ThirdParty/lvgl/src/lv_misc/lv_ll.o
LOAD Src/App/ThirdParty/lvgl/src/lv_misc/lv_log.o
LOAD Src/App/ThirdParty/lvgl/src/lv_misc/lv_math.o
LOAD Src/App/ThirdParty/lvgl/src/lv_misc/lv_mem.o
LOAD Src/App/ThirdParty/lvgl/src/lv_misc/lv_printf.o
LOAD Src/App/ThirdParty/lvgl/src/lv_misc/lv_task.o
LOAD Src/App/ThirdParty/lvgl/src/lv_misc/lv_templ.o
LOAD Src/App/ThirdParty/lvgl/src/lv_misc/lv_txt.o
LOAD Src/App/ThirdParty/lvgl/src/lv_misc/lv_txt_ap.o
LOAD Src/App/ThirdParty/lvgl/src/lv_misc/lv_utils.o
LOAD Src/App/ThirdParty/lvgl/src/lv_themes/lv_theme.o
LOAD Src/App/ThirdParty/lvgl/src/lv_themes/lv_theme_empty.o
LOAD Src/App/ThirdParty/lvgl/src/lv_themes/lv_theme_material.o
LOAD Src/App/ThirdParty/lvgl/src/lv_themes/lv_theme_mono.o
LOAD Src/App/ThirdParty/lvgl/src/lv_themes/lv_theme_template.o
LOAD Src/App/ThirdParty/lvgl/src/lv_widgets/lv_arc.o
LOAD Src/App/ThirdParty/lvgl/src/lv_widgets/lv_bar.o
LOAD Src/App/ThirdParty/lvgl/src/lv_widgets/lv_btn.o
LOAD Src/App/ThirdParty/lvgl/src/lv_widgets/lv_btnmatrix.o
LOAD Src/App/ThirdParty/lvgl/src/lv_widgets/lv_calendar.o
LOAD Src/App/ThirdParty/lvgl/src/lv_widgets/lv_canvas.o
LOAD Src/App/ThirdParty/lvgl/src/lv_widgets/lv_chart.o
LOAD Src/App/ThirdParty/lvgl/src/lv_widgets/lv_checkbox.o
LOAD Src/App/ThirdParty/lvgl/src/lv_widgets/lv_cont.o
LOAD Src/App/ThirdParty/lvgl/src/lv_widgets/lv_cpicker.o
LOAD Src/App/ThirdParty/lvgl/src/lv_widgets/lv_dropdown.o
LOAD Src/App/ThirdParty/lvgl/src/lv_widgets/lv_gauge.o
LOAD Src/App/ThirdParty/lvgl/src/lv_widgets/lv_img.o
LOAD Src/App/ThirdParty/lvgl/src/lv_widgets/lv_imgbtn.o
LOAD Src/App/ThirdParty/lvgl/src/lv_widgets/lv_keyboard.o
LOAD Src/App/ThirdParty/lvgl/src/lv_widgets/lv_label.o
LOAD Src/App/ThirdParty/lvgl/src/lv_widgets/lv_led.o
LOAD Src/App/ThirdParty/lvgl/src/lv_widgets/lv_line.o
LOAD Src/App/ThirdParty/lvgl/src/lv_widgets/lv_linemeter.o
LOAD Src/App/ThirdParty/lvgl/src/lv_widgets/lv_list.o
LOAD Src/App/ThirdParty/lvgl/src/lv_widgets/lv_msgbox.o
LOAD Src/App/ThirdParty/lvgl/src/lv_widgets/lv_objmask.o
LOAD Src/App/ThirdParty/lvgl/src/lv_widgets/lv_objx_templ.o
LOAD Src/App/ThirdParty/lvgl/src/lv_widgets/lv_page.o
LOAD Src/App/ThirdParty/lvgl/src/lv_widgets/lv_roller.o
LOAD Src/App/ThirdParty/lvgl/src/lv_widgets/lv_slider.o
LOAD Src/App/ThirdParty/lvgl/src/lv_widgets/lv_spinbox.o
LOAD Src/App/ThirdParty/lvgl/src/lv_widgets/lv_spinner.o
LOAD Src/App/ThirdParty/lvgl/src/lv_widgets/lv_switch.o
LOAD Src/App/ThirdParty/lvgl/src/lv_widgets/lv_table.o
LOAD Src/App/ThirdParty/lvgl/src/lv_widgets/lv_tabview.o
LOAD Src/App/ThirdParty/lvgl/src/lv_widgets/lv_textarea.o
LOAD Src/App/ThirdParty/lvgl/src/lv_widgets/lv_tileview.o
LOAD Src/App/ThirdParty/lvgl/src/lv_widgets/lv_win.o
LOAD Src/App/ThirdParty/lvgl/tests/lv_test_assert.o
LOAD Src/App/ThirdParty/lvgl/tests/lv_test_main.o
LOAD Src/App/ThirdParty/lvgl/tests/lv_test_core/lv_test_core.o
LOAD Src/App/ThirdParty/lvgl/tests/lv_test_core/lv_test_font_loader.o
LOAD Src/App/ThirdParty/lvgl/tests/lv_test_core/lv_test_obj.o
LOAD Src/App/ThirdParty/lvgl/tests/lv_test_core/lv_test_style.o
LOAD Src/App/ThirdParty/lvgl/tests/lv_test_fonts/font_1.o
LOAD Src/App/ThirdParty/lvgl/tests/lv_test_fonts/font_2.o
LOAD Src/App/ThirdParty/lvgl/tests/lv_test_fonts/font_3.o
LOAD Src/App/ThirdParty/lvgl/tests/lv_test_widgets/lv_test_label.o
LOAD Src/App/Timer/Timer.o
LOAD Src/Motor/Motor.o
LOAD Src/Platform/AppLog/AppLog.o
LOAD Src/Platform/Clock/Clock.o
LOAD Src/Platform/JustFloat/JustFloat.o
LOAD Src/Platform/MotorPorts/MotorPorts.o
LOAD Src/Platform/SPI/SPI.o
LOAD Src/Platform/SerialPrintf/SerialPrintf.o
LOAD Src/Platform/ServoPorts/ServoPorts.o
LOAD Src/Platform/lvglPorts/lv_port_disp.o
LOAD Src/Platform/lvglPorts/lv_port_fs.o
LOAD Src/Platform/lvglPorts/lv_port_indev.o
LOAD Src/Platform/ports.o
LOAD Src/SSD1283/SSD1283.o
LOAD Src/Servo/Servo.o
LOAD Src/main.o
LOAD Src/stm32f1xx_hal_msp.o
LOAD Src/stm32f1xx_it.o
LOAD Src/syscalls.o
LOAD Src/sysmem.o
LOAD Src/system_stm32f1xx.o
LOAD Src/mpu9250/dmp/driver/eMPL/inv_mpu.o
LOAD Src/mpu9250/dmp/driver/eMPL/inv_mpu_dmp_motion_driver.o
LOAD Src/mpu9250/dmp/driver/stm32L/log_stm32.o
LOAD Src/mpu9250/dmp/eMPL-hal/eMPL_outputs.o
LOAD Src/mpu9250/dmp/mllite/data_builder.o
LOAD Src/mpu9250/dmp/mllite/hal_outputs.o
LOAD Src/mpu9250/dmp/mllite/message_layer.o
LOAD Src/mpu9250/dmp/mllite/ml_math_func.o
LOAD Src/mpu9250/dmp/mllite/mlmath.o
LOAD Src/mpu9250/dmp/mllite/mpl.o
LOAD Src/mpu9250/dmp/mllite/results_holder.o
LOAD Src/mpu9250/dmp/mllite/start_manager.o
LOAD Src/mpu9250/dmp/mllite/storage_manager.o
LOAD Src/mpu9250/mpu9250.o
LOAD Src/mpu9250/mpuiic.o
LOAD Startup/startup_stm32f103rctx.o
LOAD E:\project\RoboCup\STM32\Src\mpu9250\dmp\mpl\liblibmplmpu.a
START GROUP
LOAD c:/st/stm32cubeide_1.6.1/stm32cubeide/plugins/com.st.stm32cube.ide.mcu.externaltools.gnu-tools-for-stm32.9-2020-q2-update.win32_1.5.0.202011040924/tools/bin/../lib/gcc/arm-none-eabi/9.3.1/../../../../arm-none-eabi/lib/thumb/v7-m/nofp\libc_nano.a
LOAD c:/st/stm32cubeide_1.6.1/stm32cubeide/plugins/com.st.stm32cube.ide.mcu.externaltools.gnu-tools-for-stm32.9-2020-q2-update.win32_1.5.0.202011040924/tools/bin/../lib/gcc/arm-none-eabi/9.3.1/../../../../arm-none-eabi/lib/thumb/v7-m/nofp\libm.a
END GROUP
START GROUP
LOAD c:/st/stm32cubeide_1.6.1/stm32cubeide/plugins/com.st.stm32cube.ide.mcu.externaltools.gnu-tools-for-stm32.9-2020-q2-update.win32_1.5.0.202011040924/tools/bin/../lib/gcc/arm-none-eabi/9.3.1/thumb/v7-m/nofp\libgcc.a
LOAD c:/st/stm32cubeide_1.6.1/stm32cubeide/plugins/com.st.stm32cube.ide.mcu.externaltools.gnu-tools-for-stm32.9-2020-q2-update.win32_1.5.0.202011040924/tools/bin/../lib/gcc/arm-none-eabi/9.3.1/../../../../arm-none-eabi/lib/thumb/v7-m/nofp\libc_nano.a
END GROUP
START GROUP
LOAD c:/st/stm32cubeide_1.6.1/stm32cubeide/plugins/com.st.stm32cube.ide.mcu.externaltools.gnu-tools-for-stm32.9-2020-q2-update.win32_1.5.0.202011040924/tools/bin/../lib/gcc/arm-none-eabi/9.3.1/thumb/v7-m/nofp\libgcc.a
LOAD c:/st/stm32cubeide_1.6.1/stm32cubeide/plugins/com.st.stm32cube.ide.mcu.externaltools.gnu-tools-for-stm32.9-2020-q2-update.win32_1.5.0.202011040924/tools/bin/../lib/gcc/arm-none-eabi/9.3.1/../../../../arm-none-eabi/lib/thumb/v7-m/nofp\libc_nano.a
LOAD c:/st/stm32cubeide_1.6.1/stm32cubeide/plugins/com.st.stm32cube.ide.mcu.externaltools.gnu-tools-for-stm32.9-2020-q2-update.win32_1.5.0.202011040924/tools/bin/../lib/gcc/arm-none-eabi/9.3.1/../../../../arm-none-eabi/lib/thumb/v7-m/nofp\libnosys.a
END GROUP
START GROUP
LOAD c:/st/stm32cubeide_1.6.1/stm32cubeide/plugins/com.st.stm32cube.ide.mcu.externaltools.gnu-tools-for-stm32.9-2020-q2-update.win32_1.5.0.202011040924/tools/bin/../lib/gcc/arm-none-eabi/9.3.1/thumb/v7-m/nofp\libgcc.a
LOAD c:/st/stm32cubeide_1.6.1/stm32cubeide/plugins/com.st.stm32cube.ide.mcu.externaltools.gnu-tools-for-stm32.9-2020-q2-update.win32_1.5.0.202011040924/tools/bin/../lib/gcc/arm-none-eabi/9.3.1/../../../../arm-none-eabi/lib/thumb/v7-m/nofp\libc_nano.a
LOAD c:/st/stm32cubeide_1.6.1/stm32cubeide/plugins/com.st.stm32cube.ide.mcu.externaltools.gnu-tools-for-stm32.9-2020-q2-update.win32_1.5.0.202011040924/tools/bin/../lib/gcc/arm-none-eabi/9.3.1/../../../../arm-none-eabi/lib/thumb/v7-m/nofp\libnosys.a
END GROUP
LOAD c:/st/stm32cubeide_1.6.1/stm32cubeide/plugins/com.st.stm32cube.ide.mcu.externaltools.gnu-tools-for-stm32.9-2020-q2-update.win32_1.5.0.202011040924/tools/bin/../lib/gcc/arm-none-eabi/9.3.1/thumb/v7-m/nofp/crtend.o
LOAD c:/st/stm32cubeide_1.6.1/stm32cubeide/plugins/com.st.stm32cube.ide.mcu.externaltools.gnu-tools-for-stm32.9-2020-q2-update.win32_1.5.0.202011040924/tools/bin/../lib/gcc/arm-none-eabi/9.3.1/thumb/v7-m/nofp/crtn.o
                0x000000002000c000                _estack = (ORIGIN (RAM) + LENGTH (RAM))
                0x0000000000000200                _Min_Heap_Size = 0x200
                0x0000000000000400                _Min_Stack_Size = 0x400

.isr_vector     0x0000000008000000      0x1e4
                0x0000000008000000                . = ALIGN (0x4)
 *(.isr_vector)
 .isr_vector    0x0000000008000000      0x1e4 Startup/startup_stm32f103rctx.o
                0x0000000008000000                g_pfnVectors
                0x00000000080001e4                . = ALIGN (0x4)

.text           0x00000000080001e8    0x1aabc
                0x00000000080001e8                . = ALIGN (0x4)
 *(.text)
 .text          0x00000000080001e8       0x40 c:/st/stm32cubeide_1.6.1/stm32cubeide/plugins/com.st.stm32cube.ide.mcu.externaltools.gnu-tools-for-stm32.9-2020-q2-update.win32_1.5.0.202011040924/tools/bin/../lib/gcc/arm-none-eabi/9.3.1/thumb/v7-m/nofp/crtbegin.o
 .text          0x0000000008000228       0x14 c:/st/stm32cubeide_1.6.1/stm32cubeide/plugins/com.st.stm32cube.ide.mcu.externaltools.gnu-tools-for-stm32.9-2020-q2-update.win32_1.5.0.202011040924/tools/bin/../lib/gcc/arm-none-eabi/9.3.1/../../../../arm-none-eabi/lib/thumb/v7-m/nofp\libc_nano.a(lib_a-strcmp.o)
                0x0000000008000228                strcmp
 .text          0x000000000800023c       0x10 c:/st/stm32cubeide_1.6.1/stm32cubeide/plugins/com.st.stm32cube.ide.mcu.externaltools.gnu-tools-for-stm32.9-2020-q2-update.win32_1.5.0.202011040924/tools/bin/../lib/gcc/arm-none-eabi/9.3.1/../../../../arm-none-eabi/lib/thumb/v7-m/nofp\libc_nano.a(lib_a-strlen.o)
                0x000000000800023c                strlen
 .text          0x000000000800024c      0x21c c:/st/stm32cubeide_1.6.1/stm32cubeide/plugins/com.st.stm32cube.ide.mcu.externaltools.gnu-tools-for-stm32.9-2020-q2-update.win32_1.5.0.202011040924/tools/bin/../lib/gcc/arm-none-eabi/9.3.1/thumb/v7-m/nofp\libgcc.a(_arm_addsubsf3.o)
                0x000000000800024c                __aeabi_frsub
                0x0000000008000254                __subsf3
                0x0000000008000254                __aeabi_fsub
                0x0000000008000258                __aeabi_fadd
                0x0000000008000258                __addsf3
                0x00000000080003b8                __aeabi_ui2f
                0x00000000080003b8                __floatunsisf
                0x00000000080003c0                __aeabi_i2f
                0x00000000080003c0                __floatsisf
                0x00000000080003dc                __aeabi_ul2f
                0x00000000080003dc                __floatundisf
                0x00000000080003ec                __aeabi_l2f
                0x00000000080003ec                __floatdisf
 .text          0x0000000008000468      0x2a0 c:/st/stm32cubeide_1.6.1/stm32cubeide/plugins/com.st.stm32cube.ide.mcu.externaltools.gnu-tools-for-stm32.9-2020-q2-update.win32_1.5.0.202011040924/tools/bin/../lib/gcc/arm-none-eabi/9.3.1/thumb/v7-m/nofp\libgcc.a(_arm_muldivsf3.o)
                0x0000000008000468                __mulsf3
                0x0000000008000468                __aeabi_fmul
                0x00000000080005d0                __aeabi_fdiv
                0x00000000080005d0                __divsf3
 .text          0x0000000008000708       0xec c:/st/stm32cubeide_1.6.1/stm32cubeide/plugins/com.st.stm32cube.ide.mcu.externaltools.gnu-tools-for-stm32.9-2020-q2-update.win32_1.5.0.202011040924/tools/bin/../lib/gcc/arm-none-eabi/9.3.1/thumb/v7-m/nofp\libgcc.a(_arm_cmpsf2.o)
                0x0000000008000708                __gesf2
                0x0000000008000708                __gtsf2
                0x0000000008000710                __lesf2
                0x0000000008000710                __ltsf2
                0x0000000008000718                __nesf2
                0x0000000008000718                __eqsf2
                0x0000000008000718                __cmpsf2
                0x0000000008000778                __aeabi_cfrcmple
                0x0000000008000780                __aeabi_cfcmpeq
                0x0000000008000780                __aeabi_cfcmple
                0x0000000008000790                __aeabi_fcmpeq
                0x00000000080007a4                __aeabi_fcmplt
                0x00000000080007b8                __aeabi_fcmple
                0x00000000080007cc                __aeabi_fcmpge
                0x00000000080007e0                __aeabi_fcmpgt
 .text          0x00000000080007f4       0x2c c:/st/stm32cubeide_1.6.1/stm32cubeide/plugins/com.st.stm32cube.ide.mcu.externaltools.gnu-tools-for-stm32.9-2020-q2-update.win32_1.5.0.202011040924/tools/bin/../lib/gcc/arm-none-eabi/9.3.1/thumb/v7-m/nofp\libgcc.a(_arm_unordsf2.o)
                0x00000000080007f4                __unordsf2
                0x00000000080007f4                __aeabi_fcmpun
 .text          0x0000000008000820       0x4c c:/st/stm32cubeide_1.6.1/stm32cubeide/plugins/com.st.stm32cube.ide.mcu.externaltools.gnu-tools-for-stm32.9-2020-q2-update.win32_1.5.0.202011040924/tools/bin/../lib/gcc/arm-none-eabi/9.3.1/thumb/v7-m/nofp\libgcc.a(_arm_fixsfsi.o)
                0x0000000008000820                __aeabi_f2iz
                0x0000000008000820                __fixsfsi
 *(.text*)
 .text.HAL_InitTick
                0x000000000800086c       0x48 Drivers/STM32F1xx_HAL_Driver/Src/stm32f1xx_hal.o
                0x000000000800086c                HAL_InitTick
 .text.HAL_Init
                0x00000000080008b4       0x24 Drivers/STM32F1xx_HAL_Driver/Src/stm32f1xx_hal.o
                0x00000000080008b4                HAL_Init
 .text.HAL_IncTick
                0x00000000080008d8       0x18 Drivers/STM32F1xx_HAL_Driver/Src/stm32f1xx_hal.o
                0x00000000080008d8                HAL_IncTick
 .text.HAL_GetTick
                0x00000000080008f0        0xc Drivers/STM32F1xx_HAL_Driver/Src/stm32f1xx_hal.o
                0x00000000080008f0                HAL_GetTick
 .text.HAL_Delay
                0x00000000080008fc       0x24 Drivers/STM32F1xx_HAL_Driver/Src/stm32f1xx_hal.o
                0x00000000080008fc                HAL_Delay
 .text.HAL_NVIC_SetPriorityGrouping
                0x0000000008000920       0x24 Drivers/STM32F1xx_HAL_Driver/Src/stm32f1xx_hal_cortex.o
                0x0000000008000920                HAL_NVIC_SetPriorityGrouping
 .text.HAL_NVIC_SetPriority
                0x0000000008000944       0x70 Drivers/STM32F1xx_HAL_Driver/Src/stm32f1xx_hal_cortex.o
                0x0000000008000944                HAL_NVIC_SetPriority
 .text.HAL_SYSTICK_Config
                0x00000000080009b4       0x30 Drivers/STM32F1xx_HAL_Driver/Src/stm32f1xx_hal_cortex.o
                0x00000000080009b4                HAL_SYSTICK_Config
 .text.HAL_GPIO_Init
                0x00000000080009e4      0x250 Drivers/STM32F1xx_HAL_Driver/Src/stm32f1xx_hal_gpio.o
                0x00000000080009e4                HAL_GPIO_Init
 .text.HAL_I2C_Init
                0x0000000008000c34      0x188 Drivers/STM32F1xx_HAL_Driver/Src/stm32f1xx_hal_i2c.o
                0x0000000008000c34                HAL_I2C_Init
 .text.HAL_RCC_OscConfig
                0x0000000008000dbc      0x400 Drivers/STM32F1xx_HAL_Driver/Src/stm32f1xx_hal_rcc.o
                0x0000000008000dbc                HAL_RCC_OscConfig
 .text.HAL_RCC_ClockConfig
                0x00000000080011bc      0x19c Drivers/STM32F1xx_HAL_Driver/Src/stm32f1xx_hal_rcc.o
                0x00000000080011bc                HAL_RCC_ClockConfig
 .text.HAL_RCC_GetPCLK1Freq
                0x0000000008001358       0x20 Drivers/STM32F1xx_HAL_Driver/Src/stm32f1xx_hal_rcc.o
                0x0000000008001358                HAL_RCC_GetPCLK1Freq
 .text.LL_GPIO_Init
                0x0000000008001378       0xfc Drivers/STM32F1xx_HAL_Driver/Src/stm32f1xx_ll_gpio.o
                0x0000000008001378                LL_GPIO_Init
 .text.LL_RCC_GetSystemClocksFreq
                0x0000000008001474       0x80 Drivers/STM32F1xx_HAL_Driver/Src/stm32f1xx_ll_rcc.o
                0x0000000008001474                LL_RCC_GetSystemClocksFreq
 .text.LL_SPI_Init
                0x00000000080014f4       0x6c Drivers/STM32F1xx_HAL_Driver/Src/stm32f1xx_ll_spi.o
                0x00000000080014f4                LL_SPI_Init
 .text.LL_TIM_Init
                0x0000000008001560       0x94 Drivers/STM32F1xx_HAL_Driver/Src/stm32f1xx_ll_tim.o
                0x0000000008001560                LL_TIM_Init
 .text.LL_TIM_OC_Init
                0x00000000080015f4      0x1d0 Drivers/STM32F1xx_HAL_Driver/Src/stm32f1xx_ll_tim.o
                0x00000000080015f4                LL_TIM_OC_Init
 .text.LL_TIM_BDTR_Init
                0x00000000080017c4       0x38 Drivers/STM32F1xx_HAL_Driver/Src/stm32f1xx_ll_tim.o
                0x00000000080017c4                LL_TIM_BDTR_Init
 .text.LL_USART_Init
                0x00000000080017fc       0xc4 Drivers/STM32F1xx_HAL_Driver/Src/stm32f1xx_ll_usart.o
                0x00000000080017fc                LL_USART_Init
 .text.App      0x00000000080018c0       0x30 Src/App/App.o
                0x00000000080018c0                App
 .text.DirectionPIDCalculateHandler
                0x00000000080018f0       0x40 Src/App/MotionControl/MotionControl.o
                0x00000000080018f0                DirectionPIDCalculateHandler
 .text.ForwardPIDCalculateHandler
                0x0000000008001930        0x4 Src/App/MotionControl/MotionControl.o
                0x0000000008001930                ForwardPIDCalculateHandler
 .text.PosPIDCalc
                0x0000000008001934       0xb0 Src/App/PID/PID.o
                0x0000000008001934                PosPIDCalc
 .text.PIDHandler
                0x00000000080019e4       0x28 Src/App/PIDManagement/PIDManagement.o
                0x00000000080019e4                PIDHandler
 .text.lv_disp_get_scr_act
                0x0000000008001a0c       0x14 Src/App/ThirdParty/lvgl/src/lv_core/lv_disp.o
                0x0000000008001a0c                lv_disp_get_scr_act
 .text.lv_disp_get_scr_prev
                0x0000000008001a20       0x14 Src/App/ThirdParty/lvgl/src/lv_core/lv_disp.o
                0x0000000008001a20                lv_disp_get_scr_prev
 .text.lv_disp_get_layer_top
                0x0000000008001a34       0x14 Src/App/ThirdParty/lvgl/src/lv_core/lv_disp.o
                0x0000000008001a34                lv_disp_get_layer_top
 .text.lv_disp_get_layer_sys
                0x0000000008001a48       0x14 Src/App/ThirdParty/lvgl/src/lv_core/lv_disp.o
                0x0000000008001a48                lv_disp_get_layer_sys
 .text.focus_next_core.part.0
                0x0000000008001a5c      0x100 Src/App/ThirdParty/lvgl/src/lv_core/lv_group.o
 .text._lv_group_init
                0x0000000008001b5c        0xc Src/App/ThirdParty/lvgl/src/lv_core/lv_group.o
                0x0000000008001b5c                _lv_group_init
 .text.lv_group_add_obj
                0x0000000008001b68       0xe8 Src/App/ThirdParty/lvgl/src/lv_core/lv_group.o
                0x0000000008001b68                lv_group_add_obj
 .text.lv_group_get_focused
                0x0000000008001c50        0xc Src/App/ThirdParty/lvgl/src/lv_core/lv_group.o
                0x0000000008001c50                lv_group_get_focused
 .text.lv_group_get_editing
                0x0000000008001c5c        0xc Src/App/ThirdParty/lvgl/src/lv_core/lv_group.o
                0x0000000008001c5c                lv_group_get_editing
 .text._lv_indev_init
                0x0000000008001c68       0x48 Src/App/ThirdParty/lvgl/src/lv_core/lv_indev.o
                0x0000000008001c68                _lv_indev_init
 .text.lv_indev_get_act
                0x0000000008001cb0        0xc Src/App/ThirdParty/lvgl/src/lv_core/lv_indev.o
                0x0000000008001cb0                lv_indev_get_act
 .text.style_prop_is_cacheble
                0x0000000008001cbc      0x198 Src/App/ThirdParty/lvgl/src/lv_core/lv_obj.o
 .text.refresh_children_position
                0x0000000008001e54       0x50 Src/App/ThirdParty/lvgl/src/lv_core/lv_obj.o
 .text.trans_del
                0x0000000008001ea4       0xa8 Src/App/ThirdParty/lvgl/src/lv_core/lv_obj.o
 .text.trans_anim_ready_cb
                0x0000000008001f4c       0xa8 Src/App/ThirdParty/lvgl/src/lv_core/lv_obj.o
 .text.lv_init  0x0000000008001ff4       0x80 Src/App/ThirdParty/lvgl/src/lv_core/lv_obj.o
                0x0000000008001ff4                lv_init
 .text.lv_obj_clean_style_list
                0x0000000008002074       0x40 Src/App/ThirdParty/lvgl/src/lv_core/lv_obj.o
                0x0000000008002074                lv_obj_clean_style_list
 .text._lv_obj_disable_style_caching
                0x00000000080020b4       0xa0 Src/App/ThirdParty/lvgl/src/lv_core/lv_obj.o
                0x00000000080020b4                _lv_obj_disable_style_caching
 .text.lv_obj_set_click
                0x0000000008002154       0x2c Src/App/ThirdParty/lvgl/src/lv_core/lv_obj.o
                0x0000000008002154                lv_obj_set_click
 .text.lv_event_send_func
                0x0000000008002180       0xc4 Src/App/ThirdParty/lvgl/src/lv_core/lv_obj.o
                0x0000000008002180                lv_event_send_func
 .text.lv_event_send
                0x0000000008002244       0x34 Src/App/ThirdParty/lvgl/src/lv_core/lv_obj.o
                0x0000000008002244                lv_event_send
 .text.lv_obj_get_disp
                0x0000000008002278       0xa0 Src/App/ThirdParty/lvgl/src/lv_core/lv_obj.o
                0x0000000008002278                lv_obj_get_disp
 .text.lv_obj_area_is_visible
                0x0000000008002318      0x144 Src/App/ThirdParty/lvgl/src/lv_core/lv_obj.o
                0x0000000008002318                lv_obj_area_is_visible
 .text.lv_obj_invalidate
                0x000000000800245c       0x94 Src/App/ThirdParty/lvgl/src/lv_core/lv_obj.o
                0x000000000800245c                lv_obj_invalidate
 .text.lv_obj_move_foreground
                0x00000000080024f0       0x64 Src/App/ThirdParty/lvgl/src/lv_core/lv_obj.o
                0x00000000080024f0                lv_obj_move_foreground
 .text.lv_obj_set_pos.part.0
                0x0000000008002554       0xec Src/App/ThirdParty/lvgl/src/lv_core/lv_obj.o
 .text.lv_obj_set_y
                0x0000000008002640       0x78 Src/App/ThirdParty/lvgl/src/lv_core/lv_obj.o
                0x0000000008002640                lv_obj_set_y
 .text.lv_obj_set_x
                0x00000000080026b8       0x78 Src/App/ThirdParty/lvgl/src/lv_core/lv_obj.o
                0x00000000080026b8                lv_obj_set_x
 .text.lv_obj_align
                0x0000000008002730       0xe8 Src/App/ThirdParty/lvgl/src/lv_core/lv_obj.o
                0x0000000008002730                lv_obj_align
 .text.obj_align_mid_core
                0x0000000008002818      0x56c Src/App/ThirdParty/lvgl/src/lv_core/lv_obj.o
 .text.lv_obj_realign
                0x0000000008002d84       0xc8 Src/App/ThirdParty/lvgl/src/lv_core/lv_obj.o
                0x0000000008002d84                lv_obj_realign
 .text.refresh_children_style
                0x0000000008002e4c       0x68 Src/App/ThirdParty/lvgl/src/lv_core/lv_obj.o
 .text.lv_obj_create
                0x0000000008002eb4      0x440 Src/App/ThirdParty/lvgl/src/lv_core/lv_obj.o
                0x0000000008002eb4                lv_obj_create
 .text.lv_obj_get_parent
                0x00000000080032f4       0x20 Src/App/ThirdParty/lvgl/src/lv_core/lv_obj.o
                0x00000000080032f4                lv_obj_get_parent
 .text.lv_obj_get_coords
                0x0000000008003314       0x5c Src/App/ThirdParty/lvgl/src/lv_core/lv_obj.o
                0x0000000008003314                lv_obj_get_coords
 .text.lv_obj_get_style_list
                0x0000000008003370       0x38 Src/App/ThirdParty/lvgl/src/lv_core/lv_obj.o
                0x0000000008003370                lv_obj_get_style_list
 .text._lv_obj_get_style_color
                0x00000000080033a8       0xf0 Src/App/ThirdParty/lvgl/src/lv_core/lv_obj.o
                0x00000000080033a8                _lv_obj_get_style_color
 .text._lv_obj_get_style_ptr
                0x0000000008003498      0x15c Src/App/ThirdParty/lvgl/src/lv_core/lv_obj.o
                0x0000000008003498                _lv_obj_get_style_ptr
 .text.update_style_cache.part.0
                0x00000000080035f4      0x3a0 Src/App/ThirdParty/lvgl/src/lv_core/lv_obj.o
 .text._lv_obj_get_style_opa
                0x0000000008003994      0x174 Src/App/ThirdParty/lvgl/src/lv_core/lv_obj.o
                0x0000000008003994                _lv_obj_get_style_opa
 .text._lv_obj_get_style_int
                0x0000000008003b08      0x3a0 Src/App/ThirdParty/lvgl/src/lv_core/lv_obj.o
                0x0000000008003b08                _lv_obj_get_style_int
 .text._lv_obj_get_style_ptr.constprop.0
                0x0000000008003ea8      0x128 Src/App/ThirdParty/lvgl/src/lv_core/lv_obj.o
 .text.update_style_cache_children
                0x0000000008003fd0      0x158 Src/App/ThirdParty/lvgl/src/lv_core/lv_obj.o
 .text.invalidate_style_cache.isra.0
                0x0000000008004128       0xf4 Src/App/ThirdParty/lvgl/src/lv_core/lv_obj.o
 .text.lv_obj_refresh_style.part.0
                0x000000000800421c      0x164 Src/App/ThirdParty/lvgl/src/lv_core/lv_obj.o
 .text.lv_obj_refresh_style
                0x0000000008004380       0x28 Src/App/ThirdParty/lvgl/src/lv_core/lv_obj.o
                0x0000000008004380                lv_obj_refresh_style
 .text.trans_anim_cb
                0x00000000080043a8      0x170 Src/App/ThirdParty/lvgl/src/lv_core/lv_obj.o
 .text.report_style_mod_core
                0x0000000008004518      0x144 Src/App/ThirdParty/lvgl/src/lv_core/lv_obj.o
 .text.lv_obj_report_style_mod
                0x000000000800465c       0x40 Src/App/ThirdParty/lvgl/src/lv_core/lv_obj.o
                0x000000000800465c                lv_obj_report_style_mod
 .text.lv_obj_reset_style_list
                0x000000000800469c       0x60 Src/App/ThirdParty/lvgl/src/lv_core/lv_obj.o
                0x000000000800469c                lv_obj_reset_style_list
 .text._lv_obj_get_style_ptr.constprop.2
                0x00000000080046fc       0xd8 Src/App/ThirdParty/lvgl/src/lv_core/lv_obj.o
 .text.trans_anim_start_cb
                0x00000000080047d4       0x50 Src/App/ThirdParty/lvgl/src/lv_core/lv_obj.o
 .text.lv_obj_get_hidden
                0x0000000008004824       0x24 Src/App/ThirdParty/lvgl/src/lv_core/lv_obj.o
                0x0000000008004824                lv_obj_get_hidden
 .text.lv_obj_get_state
                0x0000000008004848       0x54 Src/App/ThirdParty/lvgl/src/lv_core/lv_obj.o
                0x0000000008004848                lv_obj_get_state
 .text.lv_obj_is_focused
                0x000000000800489c       0x2c Src/App/ThirdParty/lvgl/src/lv_core/lv_obj.o
                0x000000000800489c                lv_obj_is_focused
 .text.lv_obj_init_draw_rect_dsc
                0x00000000080048c8      0x340 Src/App/ThirdParty/lvgl/src/lv_core/lv_obj.o
                0x00000000080048c8                lv_obj_init_draw_rect_dsc
 .text.lv_obj_design
                0x0000000008004c08      0x2a0 Src/App/ThirdParty/lvgl/src/lv_core/lv_obj.o
 .text.lv_obj_init_draw_label_dsc
                0x0000000008004ea8       0xb8 Src/App/ThirdParty/lvgl/src/lv_core/lv_obj.o
                0x0000000008004ea8                lv_obj_init_draw_label_dsc
 .text.lv_obj_init_draw_img_dsc
                0x0000000008004f60       0x98 Src/App/ThirdParty/lvgl/src/lv_core/lv_obj.o
                0x0000000008004f60                lv_obj_init_draw_img_dsc
 .text.lv_obj_init_draw_line_dsc
                0x0000000008004ff8       0x9c Src/App/ThirdParty/lvgl/src/lv_core/lv_obj.o
                0x0000000008004ff8                lv_obj_init_draw_line_dsc
 .text.style_snapshot
                0x0000000008005094      0x224 Src/App/ThirdParty/lvgl/src/lv_core/lv_obj.o
 .text.lv_obj_set_state.part.0
                0x00000000080052b8      0x7cc Src/App/ThirdParty/lvgl/src/lv_core/lv_obj.o
 .text.lv_obj_get_draw_rect_ext_pad_size
                0x0000000008005a84      0x1e4 Src/App/ThirdParty/lvgl/src/lv_core/lv_obj.o
                0x0000000008005a84                lv_obj_get_draw_rect_ext_pad_size
 .text.lv_obj_signal
                0x0000000008005c68      0x35c Src/App/ThirdParty/lvgl/src/lv_core/lv_obj.o
 .text.lv_refr_vdb_flush
                0x0000000008005fc4      0x46c Src/App/ThirdParty/lvgl/src/lv_core/lv_refr.o
 .text.lv_refr_obj.part.0
                0x0000000008006430       0xe8 Src/App/ThirdParty/lvgl/src/lv_core/lv_refr.o
 .text.lv_refr_obj_and_children
                0x0000000008006518       0x88 Src/App/ThirdParty/lvgl/src/lv_core/lv_refr.o
 .text.lv_refr_get_top_obj.part.0
                0x00000000080065a0       0x98 Src/App/ThirdParty/lvgl/src/lv_core/lv_refr.o
 .text.lv_refr_area_part
                0x0000000008006638      0x1ac Src/App/ThirdParty/lvgl/src/lv_core/lv_refr.o
 .text._lv_refr_init
                0x00000000080067e4        0x4 Src/App/ThirdParty/lvgl/src/lv_core/lv_refr.o
                0x00000000080067e4                _lv_refr_init
 .text._lv_inv_area
                0x00000000080067e8      0x184 Src/App/ThirdParty/lvgl/src/lv_core/lv_refr.o
                0x00000000080067e8                _lv_inv_area
 .text._lv_refr_get_disp_refreshing
                0x000000000800696c        0xc Src/App/ThirdParty/lvgl/src/lv_core/lv_refr.o
                0x000000000800696c                _lv_refr_get_disp_refreshing
 .text._lv_disp_refr_task
                0x0000000008006978      0x55c Src/App/ThirdParty/lvgl/src/lv_core/lv_refr.o
                0x0000000008006978                _lv_disp_refr_task
 .text.lv_style_copy
                0x0000000008006ed4       0x78 Src/App/ThirdParty/lvgl/src/lv_core/lv_style.o
                0x0000000008006ed4                lv_style_copy
 .text.lv_style_remove_prop
                0x0000000008006f4c      0x1a0 Src/App/ThirdParty/lvgl/src/lv_core/lv_style.o
                0x0000000008006f4c                lv_style_remove_prop
 .text.lv_style_list_init
                0x00000000080070ec        0x8 Src/App/ThirdParty/lvgl/src/lv_core/lv_style.o
                0x00000000080070ec                lv_style_list_init
 .text._lv_style_list_remove_style
                0x00000000080070f4       0xac Src/App/ThirdParty/lvgl/src/lv_core/lv_style.o
                0x00000000080070f4                _lv_style_list_remove_style
 .text._lv_style_list_add_style.part.0
                0x00000000080071a0       0xa0 Src/App/ThirdParty/lvgl/src/lv_core/lv_style.o
 .text._lv_style_list_add_style
                0x0000000008007240        0x8 Src/App/ThirdParty/lvgl/src/lv_core/lv_style.o
                0x0000000008007240                _lv_style_list_add_style
 .text.get_alloc_local_style
                0x0000000008007248       0x70 Src/App/ThirdParty/lvgl/src/lv_core/lv_style.o
 .text.lv_style_list_copy
                0x00000000080072b8      0x1e4 Src/App/ThirdParty/lvgl/src/lv_core/lv_style.o
                0x00000000080072b8                lv_style_list_copy
 .text._lv_style_list_reset
                0x000000000800749c       0x7c Src/App/ThirdParty/lvgl/src/lv_core/lv_style.o
                0x000000000800749c                _lv_style_list_reset
 .text.lv_style_reset
                0x0000000008007518       0x18 Src/App/ThirdParty/lvgl/src/lv_core/lv_style.o
                0x0000000008007518                lv_style_reset
 .text._lv_style_set_int
                0x0000000008007530      0x1a4 Src/App/ThirdParty/lvgl/src/lv_core/lv_style.o
                0x0000000008007530                _lv_style_set_int
 .text._lv_style_set_color
                0x00000000080076d4      0x1ac Src/App/ThirdParty/lvgl/src/lv_core/lv_style.o
                0x00000000080076d4                _lv_style_set_color
 .text._lv_style_set_opa
                0x0000000008007880      0x198 Src/App/ThirdParty/lvgl/src/lv_core/lv_style.o
                0x0000000008007880                _lv_style_set_opa
 .text._lv_style_set_ptr
                0x0000000008007a18      0x19c Src/App/ThirdParty/lvgl/src/lv_core/lv_style.o
                0x0000000008007a18                _lv_style_set_ptr
 .text._lv_style_list_get_transition_style
                0x0000000008007bb4       0x10 Src/App/ThirdParty/lvgl/src/lv_core/lv_style.o
                0x0000000008007bb4                _lv_style_list_get_transition_style
 .text._lv_style_list_add_trans_style
                0x0000000008007bc4       0x60 Src/App/ThirdParty/lvgl/src/lv_core/lv_style.o
                0x0000000008007bc4                _lv_style_list_add_trans_style
 .text._lv_style_list_get_int
                0x0000000008007c24      0x18c Src/App/ThirdParty/lvgl/src/lv_core/lv_style.o
                0x0000000008007c24                _lv_style_list_get_int
 .text._lv_style_list_get_color
                0x0000000008007db0      0x188 Src/App/ThirdParty/lvgl/src/lv_core/lv_style.o
                0x0000000008007db0                _lv_style_list_get_color
 .text._lv_style_list_get_opa
                0x0000000008007f38      0x174 Src/App/ThirdParty/lvgl/src/lv_core/lv_style.o
                0x0000000008007f38                _lv_style_list_get_opa
 .text._lv_style_list_get_ptr
                0x00000000080080ac      0x174 Src/App/ThirdParty/lvgl/src/lv_core/lv_style.o
                0x00000000080080ac                _lv_style_list_get_ptr
 .text.color_blend_true_color_subtractive
                0x0000000008008220       0xbc Src/App/ThirdParty/lvgl/src/lv_draw/lv_draw_blend.o
 .text.color_blend_true_color_additive
                0x00000000080082dc       0xc4 Src/App/ThirdParty/lvgl/src/lv_draw/lv_draw_blend.o
 .text._lv_blend_fill
                0x00000000080083a0      0xd90 Src/App/ThirdParty/lvgl/src/lv_draw/lv_draw_blend.o
                0x00000000080083a0                _lv_blend_fill
 .text._lv_blend_map
                0x0000000008009130      0xfa0 Src/App/ThirdParty/lvgl/src/lv_draw/lv_draw_blend.o
                0x0000000008009130                _lv_blend_map
 .text.lv_draw_map
                0x000000000800a0d0      0x818 Src/App/ThirdParty/lvgl/src/lv_draw/lv_draw_img.o
 .text.lv_draw_img_dsc_init
                0x000000000800a8e8       0x24 Src/App/ThirdParty/lvgl/src/lv_draw/lv_draw_img.o
                0x000000000800a8e8                lv_draw_img_dsc_init
 .text.lv_draw_img
                0x000000000800a90c      0x2a4 Src/App/ThirdParty/lvgl/src/lv_draw/lv_draw_img.o
                0x000000000800a90c                lv_draw_img
 .text.lv_img_cf_get_px_size
                0x000000000800abb0       0x14 Src/App/ThirdParty/lvgl/src/lv_draw/lv_draw_img.o
                0x000000000800abb0                lv_img_cf_get_px_size
 .text.lv_img_cf_is_chroma_keyed
                0x000000000800abc4       0x14 Src/App/ThirdParty/lvgl/src/lv_draw/lv_draw_img.o
                0x000000000800abc4                lv_img_cf_is_chroma_keyed
 .text.lv_img_cf_has_alpha
                0x000000000800abd8       0x1c Src/App/ThirdParty/lvgl/src/lv_draw/lv_draw_img.o
                0x000000000800abd8                lv_img_cf_has_alpha
 .text.lv_img_src_get_type
                0x000000000800abf4       0x20 Src/App/ThirdParty/lvgl/src/lv_draw/lv_draw_img.o
                0x000000000800abf4                lv_img_src_get_type
 .text.lv_draw_label_dsc_init
                0x000000000800ac14       0x30 Src/App/ThirdParty/lvgl/src/lv_draw/lv_draw_label.o
                0x000000000800ac14                lv_draw_label_dsc_init
 .text.lv_draw_label
                0x000000000800ac44      0xf58 Src/App/ThirdParty/lvgl/src/lv_draw/lv_draw_label.o
                0x000000000800ac44                lv_draw_label
 .text.lv_draw_line_dsc_init
                0x000000000800bb9c       0x18 Src/App/ThirdParty/lvgl/src/lv_draw/lv_draw_line.o
                0x000000000800bb9c                lv_draw_line_dsc_init
 .text.lv_draw_line
                0x000000000800bbb4      0x924 Src/App/ThirdParty/lvgl/src/lv_draw/lv_draw_line.o
                0x000000000800bbb4                lv_draw_line
 .text.lv_draw_mask_line
                0x000000000800c4d8      0x504 Src/App/ThirdParty/lvgl/src/lv_draw/lv_draw_mask.o
 .text.lv_draw_mask_radius
                0x000000000800c9dc      0x764 Src/App/ThirdParty/lvgl/src/lv_draw/lv_draw_mask.o
 .text.lv_draw_mask_add
                0x000000000800d140       0xb8 Src/App/ThirdParty/lvgl/src/lv_draw/lv_draw_mask.o
                0x000000000800d140                lv_draw_mask_add
 .text.lv_draw_mask_apply
                0x000000000800d1f8       0x54 Src/App/ThirdParty/lvgl/src/lv_draw/lv_draw_mask.o
                0x000000000800d1f8                lv_draw_mask_apply
 .text.lv_draw_mask_remove_id
                0x000000000800d24c       0x24 Src/App/ThirdParty/lvgl/src/lv_draw/lv_draw_mask.o
                0x000000000800d24c                lv_draw_mask_remove_id
 .text.lv_draw_mask_remove_custom
                0x000000000800d270      0x144 Src/App/ThirdParty/lvgl/src/lv_draw/lv_draw_mask.o
                0x000000000800d270                lv_draw_mask_remove_custom
 .text.lv_draw_mask_get_cnt
                0x000000000800d3b4       0x88 Src/App/ThirdParty/lvgl/src/lv_draw/lv_draw_mask.o
                0x000000000800d3b4                lv_draw_mask_get_cnt
 .text.lv_draw_mask_line_points_init
                0x000000000800d43c      0x148 Src/App/ThirdParty/lvgl/src/lv_draw/lv_draw_mask.o
                0x000000000800d43c                lv_draw_mask_line_points_init
 .text.lv_draw_mask_radius_init
                0x000000000800d584       0x88 Src/App/ThirdParty/lvgl/src/lv_draw/lv_draw_mask.o
                0x000000000800d584                lv_draw_mask_radius_init
 .text.shadow_blur_corner
                0x000000000800d60c      0x290 Src/App/ThirdParty/lvgl/src/lv_draw/lv_draw_rect.o
 .text.draw_full_border
                0x000000000800d89c      0x530 Src/App/ThirdParty/lvgl/src/lv_draw/lv_draw_rect.o
 .text.lv_draw_rect_dsc_init
                0x000000000800ddcc       0x48 Src/App/ThirdParty/lvgl/src/lv_draw/lv_draw_rect.o
                0x000000000800ddcc                lv_draw_rect_dsc_init
 .text.lv_draw_rect
                0x000000000800de14     0x1ea8 Src/App/ThirdParty/lvgl/src/lv_draw/lv_draw_rect.o
                0x000000000800de14                lv_draw_rect
 .text.lv_img_buf_get_px_color
                0x000000000800fcbc       0xfc Src/App/ThirdParty/lvgl/src/lv_draw/lv_img_buf.o
                0x000000000800fcbc                lv_img_buf_get_px_color
 .text.lv_img_buf_get_px_alpha
                0x000000000800fdb8      0x100 Src/App/ThirdParty/lvgl/src/lv_draw/lv_img_buf.o
                0x000000000800fdb8                lv_img_buf_get_px_alpha
 .text._lv_img_buf_transform_init
                0x000000000800feb8      0x11c Src/App/ThirdParty/lvgl/src/lv_draw/lv_img_buf.o
                0x000000000800feb8                _lv_img_buf_transform_init
 .text._lv_img_buf_get_transformed_area
                0x000000000800ffd4      0x1e0 Src/App/ThirdParty/lvgl/src/lv_draw/lv_img_buf.o
                0x000000000800ffd4                _lv_img_buf_get_transformed_area
 .text._lv_img_buf_transform_anti_alias
                0x00000000080101b4      0x4ac Src/App/ThirdParty/lvgl/src/lv_draw/lv_img_buf.o
                0x00000000080101b4                _lv_img_buf_transform_anti_alias
 .text._lv_img_cache_open
                0x0000000008010660      0x168 Src/App/ThirdParty/lvgl/src/lv_draw/lv_img_cache.o
                0x0000000008010660                _lv_img_cache_open
 .text.lv_img_cache_set_size
                0x00000000080107c8       0x94 Src/App/ThirdParty/lvgl/src/lv_draw/lv_img_cache.o
                0x00000000080107c8                lv_img_cache_set_size
 .text.lv_img_decoder_built_in_close
                0x000000000801085c       0x34 Src/App/ThirdParty/lvgl/src/lv_draw/lv_img_decoder.o
                0x000000000801085c                lv_img_decoder_built_in_close
 .text.lv_img_decoder_built_in_info
                0x0000000008010890       0xc4 Src/App/ThirdParty/lvgl/src/lv_draw/lv_img_decoder.o
                0x0000000008010890                lv_img_decoder_built_in_info
 .text.lv_img_decoder_built_in_read_line
                0x0000000008010954      0x384 Src/App/ThirdParty/lvgl/src/lv_draw/lv_img_decoder.o
                0x0000000008010954                lv_img_decoder_built_in_read_line
 .text.lv_img_decoder_built_in_open
                0x0000000008010cd8      0x26c Src/App/ThirdParty/lvgl/src/lv_draw/lv_img_decoder.o
                0x0000000008010cd8                lv_img_decoder_built_in_open
 .text._lv_img_decoder_init
                0x0000000008010f44       0x7c Src/App/ThirdParty/lvgl/src/lv_draw/lv_img_decoder.o
                0x0000000008010f44                _lv_img_decoder_init
 .text.lv_img_decoder_get_info
                0x0000000008010fc0       0x50 Src/App/ThirdParty/lvgl/src/lv_draw/lv_img_decoder.o
                0x0000000008010fc0                lv_img_decoder_get_info
 .text.lv_img_decoder_open
                0x0000000008011010       0xd0 Src/App/ThirdParty/lvgl/src/lv_draw/lv_img_decoder.o
                0x0000000008011010                lv_img_decoder_open
 .text.lv_img_decoder_read_line
                0x00000000080110e0       0x24 Src/App/ThirdParty/lvgl/src/lv_draw/lv_img_decoder.o
                0x00000000080110e0                lv_img_decoder_read_line
 .text.lv_img_decoder_close
                0x0000000008011104       0x24 Src/App/ThirdParty/lvgl/src/lv_draw/lv_img_decoder.o
                0x0000000008011104                lv_img_decoder_close
 .text.lv_font_get_glyph_bitmap
                0x0000000008011128        0x4 Src/App/ThirdParty/lvgl/src/lv_font/lv_font.o
                0x0000000008011128                lv_font_get_glyph_bitmap
 .text.lv_font_get_glyph_dsc
                0x000000000801112c        0xc Src/App/ThirdParty/lvgl/src/lv_font/lv_font.o
                0x000000000801112c                lv_font_get_glyph_dsc
 .text.lv_font_get_glyph_width
                0x0000000008011138       0x18 Src/App/ThirdParty/lvgl/src/lv_font/lv_font.o
                0x0000000008011138                lv_font_get_glyph_width
 .text.kern_pair_8_compare
                0x0000000008011150       0x14 Src/App/ThirdParty/lvgl/src/lv_font/lv_font_fmt_txt.o
 .text.kern_pair_16_compare
                0x0000000008011164       0x14 Src/App/ThirdParty/lvgl/src/lv_font/lv_font_fmt_txt.o
 .text.unicode_list_compare
                0x0000000008011178        0x8 Src/App/ThirdParty/lvgl/src/lv_font/lv_font_fmt_txt.o
 .text.get_glyph_dsc_id.isra.0.part.0
                0x0000000008011180       0xd0 Src/App/ThirdParty/lvgl/src/lv_font/lv_font_fmt_txt.o
 .text.lv_font_get_bitmap_fmt_txt
                0x0000000008011250      0xc24 Src/App/ThirdParty/lvgl/src/lv_font/lv_font_fmt_txt.o
                0x0000000008011250                lv_font_get_bitmap_fmt_txt
 .text.lv_font_get_glyph_dsc_fmt_txt
                0x0000000008011e74      0x244 Src/App/ThirdParty/lvgl/src/lv_font/lv_font_fmt_txt.o
                0x0000000008011e74                lv_font_get_glyph_dsc_fmt_txt
 .text._lv_font_clean_up_fmt_txt
                0x00000000080120b8       0x18 Src/App/ThirdParty/lvgl/src/lv_font/lv_font_fmt_txt.o
                0x00000000080120b8                _lv_font_clean_up_fmt_txt
 .text.lv_disp_drv_init
                0x00000000080120d0       0x38 Src/App/ThirdParty/lvgl/src/lv_hal/lv_hal_disp.o
                0x00000000080120d0                lv_disp_drv_init
 .text.lv_disp_buf_init
                0x0000000008012108       0x1c Src/App/ThirdParty/lvgl/src/lv_hal/lv_hal_disp.o
                0x0000000008012108                lv_disp_buf_init
 .text.lv_disp_drv_register
                0x0000000008012124      0x104 Src/App/ThirdParty/lvgl/src/lv_hal/lv_hal_disp.o
                0x0000000008012124                lv_disp_drv_register
 .text.lv_disp_get_default
                0x0000000008012228        0xc Src/App/ThirdParty/lvgl/src/lv_hal/lv_hal_disp.o
                0x0000000008012228                lv_disp_get_default
 .text.lv_disp_get_hor_res
                0x0000000008012234       0x24 Src/App/ThirdParty/lvgl/src/lv_hal/lv_hal_disp.o
                0x0000000008012234                lv_disp_get_hor_res
 .text.lv_disp_get_ver_res
                0x0000000008012258       0x24 Src/App/ThirdParty/lvgl/src/lv_hal/lv_hal_disp.o
                0x0000000008012258                lv_disp_get_ver_res
 .text.lv_disp_get_dpi
                0x000000000801227c       0x1c Src/App/ThirdParty/lvgl/src/lv_hal/lv_hal_disp.o
                0x000000000801227c                lv_disp_get_dpi
 .text.lv_disp_get_size_category
                0x0000000008012298       0x48 Src/App/ThirdParty/lvgl/src/lv_hal/lv_hal_disp.o
                0x0000000008012298                lv_disp_get_size_category
 .text.lv_disp_flush_ready
                0x00000000080122e0        0xc Src/App/ThirdParty/lvgl/src/lv_hal/lv_hal_disp.o
                0x00000000080122e0                lv_disp_flush_ready
 .text.lv_disp_get_next
                0x00000000080122ec       0x14 Src/App/ThirdParty/lvgl/src/lv_hal/lv_hal_disp.o
                0x00000000080122ec                lv_disp_get_next
 .text.lv_disp_get_buf
                0x0000000008012300        0x4 Src/App/ThirdParty/lvgl/src/lv_hal/lv_hal_disp.o
                0x0000000008012300                lv_disp_get_buf
 .text.lv_disp_is_double_buf
                0x0000000008012304       0x10 Src/App/ThirdParty/lvgl/src/lv_hal/lv_hal_disp.o
                0x0000000008012304                lv_disp_is_double_buf
 .text.lv_disp_is_true_double_buf
                0x0000000008012314       0x28 Src/App/ThirdParty/lvgl/src/lv_hal/lv_hal_disp.o
                0x0000000008012314                lv_disp_is_true_double_buf
 .text.lv_indev_get_next
                0x000000000801233c       0x14 Src/App/ThirdParty/lvgl/src/lv_hal/lv_hal_indev.o
                0x000000000801233c                lv_indev_get_next
 .text.lv_tick_inc
                0x0000000008012350       0x1c Src/App/ThirdParty/lvgl/src/lv_hal/lv_hal_tick.o
                0x0000000008012350                lv_tick_inc
 .text.lv_tick_get
                0x000000000801236c       0x1c Src/App/ThirdParty/lvgl/src/lv_hal/lv_hal_tick.o
                0x000000000801236c                lv_tick_get
 .text.lv_tick_elaps
                0x0000000008012388       0x20 Src/App/ThirdParty/lvgl/src/lv_hal/lv_hal_tick.o
                0x0000000008012388                lv_tick_elaps
 .text.lv_anim_path_linear
                0x00000000080123a8       0x2c Src/App/ThirdParty/lvgl/src/lv_misc/lv_anim.o
                0x00000000080123a8                lv_anim_path_linear
 .text.anim_task
                0x00000000080123d4      0x1cc Src/App/ThirdParty/lvgl/src/lv_misc/lv_anim.o
 .text._lv_anim_core_init
                0x00000000080125a0       0x58 Src/App/ThirdParty/lvgl/src/lv_misc/lv_anim.o
                0x00000000080125a0                _lv_anim_core_init
 .text.lv_anim_init
                0x00000000080125f8       0x30 Src/App/ThirdParty/lvgl/src/lv_misc/lv_anim.o
                0x00000000080125f8                lv_anim_init
 .text.lv_anim_del
                0x0000000008012628      0x100 Src/App/ThirdParty/lvgl/src/lv_misc/lv_anim.o
                0x0000000008012628                lv_anim_del
 .text.lv_anim_start
                0x0000000008012728       0xac Src/App/ThirdParty/lvgl/src/lv_misc/lv_anim.o
                0x0000000008012728                lv_anim_start
 .text.lv_area_set
                0x00000000080127d4       0x14 Src/App/ThirdParty/lvgl/src/lv_misc/lv_area.o
                0x00000000080127d4                lv_area_set
 .text.lv_area_set_height
                0x00000000080127e8        0xc Src/App/ThirdParty/lvgl/src/lv_misc/lv_area.o
                0x00000000080127e8                lv_area_set_height
 .text.lv_area_get_size
                0x00000000080127f4       0x20 Src/App/ThirdParty/lvgl/src/lv_misc/lv_area.o
                0x00000000080127f4                lv_area_get_size
 .text._lv_area_intersect
                0x0000000008012814       0x58 Src/App/ThirdParty/lvgl/src/lv_misc/lv_area.o
                0x0000000008012814                _lv_area_intersect
 .text._lv_area_join
                0x000000000801286c       0x48 Src/App/ThirdParty/lvgl/src/lv_misc/lv_area.o
                0x000000000801286c                _lv_area_join
 .text._lv_area_is_point_on
                0x00000000080128b4      0x1b8 Src/App/ThirdParty/lvgl/src/lv_misc/lv_area.o
                0x00000000080128b4                _lv_area_is_point_on
 .text._lv_area_is_on
                0x0000000008012a6c       0x3c Src/App/ThirdParty/lvgl/src/lv_misc/lv_area.o
                0x0000000008012a6c                _lv_area_is_on
 .text._lv_area_is_in
                0x0000000008012aa8       0x94 Src/App/ThirdParty/lvgl/src/lv_misc/lv_area.o
                0x0000000008012aa8                _lv_area_is_in
 .text._lv_area_align
                0x0000000008012b3c      0x33c Src/App/ThirdParty/lvgl/src/lv_misc/lv_area.o
                0x0000000008012b3c                _lv_area_align
 .text.lv_color_fill
                0x0000000008012e78      0x144 Src/App/ThirdParty/lvgl/src/lv_misc/lv_color.o
                0x0000000008012e78                lv_color_fill
 .text.lv_color_lighten
                0x0000000008012fbc       0x8c Src/App/ThirdParty/lvgl/src/lv_misc/lv_color.o
                0x0000000008012fbc                lv_color_lighten
 .text.lv_color_darken
                0x0000000008013048       0x60 Src/App/ThirdParty/lvgl/src/lv_misc/lv_color.o
                0x0000000008013048                lv_color_darken
 .text.lv_debug_check_null
                0x00000000080130a8        0x8 Src/App/ThirdParty/lvgl/src/lv_misc/lv_debug.o
                0x00000000080130a8                lv_debug_check_null
 .text.lv_debug_log_error
                0x00000000080130b0       0x20 Src/App/ThirdParty/lvgl/src/lv_misc/lv_debug.o
                0x00000000080130b0                lv_debug_log_error
 .text._lv_fs_init
                0x00000000080130d0        0xc Src/App/ThirdParty/lvgl/src/lv_misc/lv_fs.o
                0x00000000080130d0                _lv_fs_init
 .text.lv_fs_open
                0x00000000080130dc       0xe4 Src/App/ThirdParty/lvgl/src/lv_misc/lv_fs.o
                0x00000000080130dc                lv_fs_open
 .text.lv_fs_close
                0x00000000080131c0       0x2c Src/App/ThirdParty/lvgl/src/lv_misc/lv_fs.o
                0x00000000080131c0                lv_fs_close
 .text.lv_fs_read
                0x00000000080131ec       0x40 Src/App/ThirdParty/lvgl/src/lv_misc/lv_fs.o
                0x00000000080131ec                lv_fs_read
 .text.lv_fs_seek
                0x000000000801322c       0x20 Src/App/ThirdParty/lvgl/src/lv_misc/lv_fs.o
                0x000000000801322c                lv_fs_seek
 .text.lv_fs_get_ext
                0x000000000801324c       0x34 Src/App/ThirdParty/lvgl/src/lv_misc/lv_fs.o
                0x000000000801324c                lv_fs_get_ext
 .text._lv_ll_init
                0x0000000008013280       0x10 Src/App/ThirdParty/lvgl/src/lv_misc/lv_ll.o
                0x0000000008013280                _lv_ll_init
 .text._lv_ll_ins_head
                0x0000000008013290       0x2c Src/App/ThirdParty/lvgl/src/lv_misc/lv_ll.o
                0x0000000008013290                _lv_ll_ins_head
 .text._lv_ll_ins_prev
                0x00000000080132bc       0x58 Src/App/ThirdParty/lvgl/src/lv_misc/lv_ll.o
                0x00000000080132bc                _lv_ll_ins_prev
 .text._lv_ll_ins_tail
                0x0000000008013314       0x2c Src/App/ThirdParty/lvgl/src/lv_misc/lv_ll.o
                0x0000000008013314                _lv_ll_ins_tail
 .text._lv_ll_remove
                0x0000000008013340       0x54 Src/App/ThirdParty/lvgl/src/lv_misc/lv_ll.o
                0x0000000008013340                _lv_ll_remove
 .text._lv_ll_chg_list
                0x0000000008013394       0xa0 Src/App/ThirdParty/lvgl/src/lv_misc/lv_ll.o
                0x0000000008013394                _lv_ll_chg_list
 .text._lv_ll_get_head
                0x0000000008013434        0x8 Src/App/ThirdParty/lvgl/src/lv_misc/lv_ll.o
                0x0000000008013434                _lv_ll_get_head
 .text._lv_ll_get_tail
                0x000000000801343c        0x8 Src/App/ThirdParty/lvgl/src/lv_misc/lv_ll.o
                0x000000000801343c                _lv_ll_get_tail
 .text._lv_ll_get_next
                0x0000000008013444        0xc Src/App/ThirdParty/lvgl/src/lv_misc/lv_ll.o
                0x0000000008013444                _lv_ll_get_next
 .text._lv_ll_get_prev
                0x0000000008013450        0x8 Src/App/ThirdParty/lvgl/src/lv_misc/lv_ll.o
                0x0000000008013450                _lv_ll_get_prev
 .text._lv_ll_move_before
                0x0000000008013458       0xa8 Src/App/ThirdParty/lvgl/src/lv_misc/lv_ll.o
                0x0000000008013458                _lv_ll_move_before
 .text._lv_ll_is_empty
                0x0000000008013500       0x18 Src/App/ThirdParty/lvgl/src/lv_misc/lv_ll.o
                0x0000000008013500                _lv_ll_is_empty
 .text._lv_trigo_sin
                0x0000000008013518       0x74 Src/App/ThirdParty/lvgl/src/lv_misc/lv_math.o
                0x0000000008013518                _lv_trigo_sin
 .text._lv_sqrt
                0x000000000801358c       0x24 Src/App/ThirdParty/lvgl/src/lv_misc/lv_math.o
                0x000000000801358c                _lv_sqrt
 .text._lv_map  0x00000000080135b0       0x2c Src/App/ThirdParty/lvgl/src/lv_misc/lv_math.o
                0x00000000080135b0                _lv_map
 .text.lv_mem_alloc.part.0
                0x00000000080135dc       0x80 Src/App/ThirdParty/lvgl/src/lv_misc/lv_mem.o
 .text._lv_mem_init
                0x000000000801365c       0x18 Src/App/ThirdParty/lvgl/src/lv_misc/lv_mem.o
                0x000000000801365c                _lv_mem_init
 .text.lv_mem_alloc
                0x0000000008013674       0x10 Src/App/ThirdParty/lvgl/src/lv_misc/lv_mem.o
                0x0000000008013674                lv_mem_alloc
 .text.lv_mem_defrag
                0x0000000008013684       0x7c Src/App/ThirdParty/lvgl/src/lv_misc/lv_mem.o
                0x0000000008013684                lv_mem_defrag
 .text.lv_mem_free
                0x0000000008013700       0x88 Src/App/ThirdParty/lvgl/src/lv_misc/lv_mem.o
                0x0000000008013700                lv_mem_free
 .text._lv_mem_get_size
                0x0000000008013788       0x1c Src/App/ThirdParty/lvgl/src/lv_misc/lv_mem.o
                0x0000000008013788                _lv_mem_get_size
 .text._lv_mem_buf_release
                0x00000000080137a4       0xe0 Src/App/ThirdParty/lvgl/src/lv_misc/lv_mem.o
                0x00000000080137a4                _lv_mem_buf_release
 .text._lv_mem_buf_free_all
                0x0000000008013884       0xdc Src/App/ThirdParty/lvgl/src/lv_misc/lv_mem.o
                0x0000000008013884                _lv_mem_buf_free_all
 .text._lv_memcpy
                0x0000000008013960      0x484 Src/App/ThirdParty/lvgl/src/lv_misc/lv_mem.o
                0x0000000008013960                _lv_memcpy
 .text.lv_mem_realloc
                0x0000000008013de4       0xa0 Src/App/ThirdParty/lvgl/src/lv_misc/lv_mem.o
                0x0000000008013de4                lv_mem_realloc
 .text._lv_mem_buf_get
                0x0000000008013e84      0x18c Src/App/ThirdParty/lvgl/src/lv_misc/lv_mem.o
                0x0000000008013e84                _lv_mem_buf_get
 .text._lv_memset
                0x0000000008014010       0xdc Src/App/ThirdParty/lvgl/src/lv_misc/lv_mem.o
                0x0000000008014010                _lv_memset
 .text._lv_memset_00
                0x00000000080140ec       0xe0 Src/App/ThirdParty/lvgl/src/lv_misc/lv_mem.o
                0x00000000080140ec                _lv_memset_00
 .text._lv_memset_ff
                0x00000000080141cc       0xe8 Src/App/ThirdParty/lvgl/src/lv_misc/lv_mem.o
                0x00000000080141cc                _lv_memset_ff
 .text.lv_task_exec
                0x00000000080142b4       0x6c Src/App/ThirdParty/lvgl/src/lv_misc/lv_task.o
 .text._lv_task_core_init
                0x0000000008014320       0x1c Src/App/ThirdParty/lvgl/src/lv_misc/lv_task.o
                0x0000000008014320                _lv_task_core_init
 .text.lv_task_handler
                0x000000000801433c      0x184 Src/App/ThirdParty/lvgl/src/lv_misc/lv_task.o
                0x000000000801433c                lv_task_handler
 .text.lv_task_create
                0x00000000080144c0       0xe8 Src/App/ThirdParty/lvgl/src/lv_misc/lv_task.o
                0x00000000080144c0                lv_task_create
 .text.lv_task_set_prio
                0x00000000080145a8       0x68 Src/App/ThirdParty/lvgl/src/lv_misc/lv_task.o
                0x00000000080145a8                lv_task_set_prio
 .text.lv_task_ready
                0x0000000008014610       0x14 Src/App/ThirdParty/lvgl/src/lv_misc/lv_task.o
                0x0000000008014610                lv_task_ready
 .text.lv_txt_utf8_next
                0x0000000008014624       0xf4 Src/App/ThirdParty/lvgl/src/lv_misc/lv_txt.o
 .text.lv_txt_utf8_get_char_id
                0x0000000008014718       0x34 Src/App/ThirdParty/lvgl/src/lv_misc/lv_txt.o
 .text._lv_txt_get_width.part.0
                0x000000000801474c       0xf0 Src/App/ThirdParty/lvgl/src/lv_misc/lv_txt.o
 .text._lv_txt_get_next_line
                0x000000000801483c      0x264 Src/App/ThirdParty/lvgl/src/lv_misc/lv_txt.o
                0x000000000801483c                _lv_txt_get_next_line
 .text._lv_txt_get_size
                0x0000000008014aa0       0xf4 Src/App/ThirdParty/lvgl/src/lv_misc/lv_txt.o
                0x0000000008014aa0                _lv_txt_get_size
 .text._lv_txt_get_width
                0x0000000008014b94       0x1c Src/App/ThirdParty/lvgl/src/lv_misc/lv_txt.o
                0x0000000008014b94                _lv_txt_get_width
 .text._lv_utils_bsearch
                0x0000000008014bb0       0x44 Src/App/ThirdParty/lvgl/src/lv_misc/lv_utils.o
                0x0000000008014bb0                _lv_utils_bsearch
 .text.apply_theme
                0x0000000008014bf4       0x38 Src/App/ThirdParty/lvgl/src/lv_themes/lv_theme.o
 .text.lv_theme_set_act
                0x0000000008014c2c        0xc Src/App/ThirdParty/lvgl/src/lv_themes/lv_theme.o
                0x0000000008014c2c                lv_theme_set_act
 .text.lv_theme_apply
                0x0000000008014c38      0x270 Src/App/ThirdParty/lvgl/src/lv_themes/lv_theme.o
                0x0000000008014c38                lv_theme_apply
 .text.lv_theme_get_font_normal
                0x0000000008014ea8        0xc Src/App/ThirdParty/lvgl/src/lv_themes/lv_theme.o
                0x0000000008014ea8                lv_theme_get_font_normal
 .text.theme_apply
                0x0000000008014eb4      0x668 Src/App/ThirdParty/lvgl/src/lv_themes/lv_theme_material.o
 .text.gauge_init
                0x000000000801551c      0x448 Src/App/ThirdParty/lvgl/src/lv_themes/lv_theme_material.o
 .text.calendar_init
                0x0000000008015964      0x6dc Src/App/ThirdParty/lvgl/src/lv_themes/lv_theme_material.o
 .text.checkbox_init
                0x0000000008016040      0x2e8 Src/App/ThirdParty/lvgl/src/lv_themes/lv_theme_material.o
 .text.basic_init
                0x0000000008016328     0x1138 Src/App/ThirdParty/lvgl/src/lv_themes/lv_theme_material.o
 .text.lv_theme_material_init
                0x0000000008017460     0x22f0 Src/App/ThirdParty/lvgl/src/lv_themes/lv_theme_material.o
                0x0000000008017460                lv_theme_material_init
 .text.TimerHandler
                0x0000000008019750        0x4 Src/App/Timer/Timer.o
                0x0000000008019750                TimerHandler
 .text.SetLeftMotorPWM
                0x0000000008019754       0x60 Src/Motor/Motor.o
                0x0000000008019754                SetLeftMotorPWM
 .text.SetRightMotorPWM
                0x00000000080197b4       0x60 Src/Motor/Motor.o
                0x00000000080197b4                SetRightMotorPWM
 .text.LogInit  0x0000000008019814        0x4 Src/Platform/AppLog/AppLog.o
                0x0000000008019814                LogInit
 .text.Log      0x0000000008019818        0x4 Src/Platform/AppLog/AppLog.o
                0x0000000008019818                Log
 .text.DelayMS  0x000000000801981c        0x4 Src/Platform/Clock/Clock.o
                0x000000000801981c                DelayMS
 .text.setChannel1Value
                0x0000000008019820        0xc Src/Platform/MotorPorts/MotorPorts.o
                0x0000000008019820                setChannel1Value
 .text.setChannel2Value
                0x000000000801982c        0xc Src/Platform/MotorPorts/MotorPorts.o
                0x000000000801982c                setChannel2Value
 .text.setChannel3Value
                0x0000000008019838        0xc Src/Platform/MotorPorts/MotorPorts.o
                0x0000000008019838                setChannel3Value
 .text.setChannel4Value
                0x0000000008019844        0xc Src/Platform/MotorPorts/MotorPorts.o
                0x0000000008019844                setChannel4Value
 .text.SPIInit  0x0000000008019850       0x10 Src/Platform/SPI/SPI.o
                0x0000000008019850                SPIInit
 .text.SPIWriteByte
                0x0000000008019860       0x38 Src/Platform/SPI/SPI.o
                0x0000000008019860                SPIWriteByte
 .text.LCDSetRST
                0x0000000008019898        0xc Src/Platform/SPI/SPI.o
                0x0000000008019898                LCDSetRST
 .text.LCDResetRST
                0x00000000080198a4        0xc Src/Platform/SPI/SPI.o
                0x00000000080198a4                LCDResetRST
 .text.LCDSetCS
                0x00000000080198b0        0xc Src/Platform/SPI/SPI.o
                0x00000000080198b0                LCDSetCS
 .text.LCDResetCS
                0x00000000080198bc        0xc Src/Platform/SPI/SPI.o
                0x00000000080198bc                LCDResetCS
 .text.LCDSetDC
                0x00000000080198c8        0xc Src/Platform/SPI/SPI.o
                0x00000000080198c8                LCDSetDC
 .text.LCDResetDC
                0x00000000080198d4        0xc Src/Platform/SPI/SPI.o
                0x00000000080198d4                LCDResetDC
 .text.gpu_blend
                0x00000000080198e0       0xa0 Src/Platform/lvglPorts/lv_port_disp.o
 .text.gpu_fill
                0x0000000008019980       0x4c Src/Platform/lvglPorts/lv_port_disp.o
 .text.disp_flush
                0x00000000080199cc       0x40 Src/Platform/lvglPorts/lv_port_disp.o
 .text.lv_port_disp_init
                0x0000000008019a0c       0x50 Src/Platform/lvglPorts/lv_port_disp.o
                0x0000000008019a0c                lv_port_disp_init
 .text.LCDInit  0x0000000008019a5c      0x3a0 Src/SSD1283/SSD1283.o
                0x0000000008019a5c                LCDInit
 .text.LCDFlush
                0x0000000008019dfc      0x10c Src/SSD1283/SSD1283.o
                0x0000000008019dfc                LCDFlush
 .text.SystemClock_Config
                0x0000000008019f08       0x5c Src/main.o
                0x0000000008019f08                SystemClock_Config
 *fill*         0x0000000008019f64        0x4 
 .text.startup.main
                0x0000000008019f68      0xb24 Src/main.o
                0x0000000008019f68                main
 .text.HAL_MspInit
                0x000000000801aa8c       0x44 Src/stm32f1xx_hal_msp.o
                0x000000000801aa8c                HAL_MspInit
 .text.HAL_I2C_MspInit
                0x000000000801aad0       0x78 Src/stm32f1xx_hal_msp.o
                0x000000000801aad0                HAL_I2C_MspInit
 .text.NMI_Handler
                0x000000000801ab48        0x4 Src/stm32f1xx_it.o
                0x000000000801ab48                NMI_Handler
 .text.HardFault_Handler
                0x000000000801ab4c        0x4 Src/stm32f1xx_it.o
                0x000000000801ab4c                HardFault_Handler
 .text.MemManage_Handler
                0x000000000801ab50        0x4 Src/stm32f1xx_it.o
                0x000000000801ab50                MemManage_Handler
 .text.BusFault_Handler
                0x000000000801ab54        0x4 Src/stm32f1xx_it.o
                0x000000000801ab54                BusFault_Handler
 .text.UsageFault_Handler
                0x000000000801ab58        0x4 Src/stm32f1xx_it.o
                0x000000000801ab58                UsageFault_Handler
 .text.SVC_Handler
                0x000000000801ab5c        0x4 Src/stm32f1xx_it.o
                0x000000000801ab5c                SVC_Handler
 .text.DebugMon_Handler
                0x000000000801ab60        0x4 Src/stm32f1xx_it.o
                0x000000000801ab60                DebugMon_Handler
 .text.PendSV_Handler
                0x000000000801ab64        0x4 Src/stm32f1xx_it.o
                0x000000000801ab64                PendSV_Handler
 .text.SysTick_Handler
                0x000000000801ab68        0x4 Src/stm32f1xx_it.o
                0x000000000801ab68                SysTick_Handler
 .text.TIM7_IRQHandler
                0x000000000801ab6c       0x18 Src/stm32f1xx_it.o
                0x000000000801ab6c                TIM7_IRQHandler
 .text.SystemInit
                0x000000000801ab84        0x4 Src/system_stm32f1xx.o
                0x000000000801ab84                SystemInit
 .text.Reset_Handler
                0x000000000801ab88       0x48 Startup/startup_stm32f103rctx.o
                0x000000000801ab88                Reset_Handler
 .text.Default_Handler
                0x000000000801abd0        0x2 Startup/startup_stm32f103rctx.o
                0x000000000801abd0                RTC_Alarm_IRQHandler
                0x000000000801abd0                EXTI2_IRQHandler
                0x000000000801abd0                TIM8_TRG_COM_IRQHandler
                0x000000000801abd0                TIM8_CC_IRQHandler
                0x000000000801abd0                TIM1_CC_IRQHandler
                0x000000000801abd0                TIM6_IRQHandler
                0x000000000801abd0                PVD_IRQHandler
                0x000000000801abd0                SDIO_IRQHandler
                0x000000000801abd0                EXTI3_IRQHandler
                0x000000000801abd0                EXTI0_IRQHandler
                0x000000000801abd0                I2C2_EV_IRQHandler
                0x000000000801abd0                ADC1_2_IRQHandler
                0x000000000801abd0                SPI1_IRQHandler
                0x000000000801abd0                TAMPER_IRQHandler
                0x000000000801abd0                TIM8_UP_IRQHandler
                0x000000000801abd0                DMA2_Channel2_IRQHandler
                0x000000000801abd0                DMA1_Channel4_IRQHandler
                0x000000000801abd0                USART3_IRQHandler
                0x000000000801abd0                RTC_IRQHandler
                0x000000000801abd0                DMA1_Channel7_IRQHandler
                0x000000000801abd0                CAN1_RX1_IRQHandler
                0x000000000801abd0                UART5_IRQHandler
                0x000000000801abd0                ADC3_IRQHandler
                0x000000000801abd0                TIM4_IRQHandler
                0x000000000801abd0                DMA2_Channel1_IRQHandler
                0x000000000801abd0                I2C1_EV_IRQHandler
                0x000000000801abd0                DMA1_Channel6_IRQHandler
                0x000000000801abd0                UART4_IRQHandler
                0x000000000801abd0                TIM3_IRQHandler
                0x000000000801abd0                RCC_IRQHandler
                0x000000000801abd0                TIM1_TRG_COM_IRQHandler
                0x000000000801abd0                DMA1_Channel1_IRQHandler
                0x000000000801abd0                Default_Handler
                0x000000000801abd0                EXTI15_10_IRQHandler
                0x000000000801abd0                TIM5_IRQHandler
                0x000000000801abd0                EXTI9_5_IRQHandler
                0x000000000801abd0                SPI2_IRQHandler
                0x000000000801abd0                DMA1_Channel5_IRQHandler
                0x000000000801abd0                EXTI4_IRQHandler
                0x000000000801abd0                USB_LP_CAN1_RX0_IRQHandler
                0x000000000801abd0                USB_HP_CAN1_TX_IRQHandler
                0x000000000801abd0                DMA1_Channel3_IRQHandler
                0x000000000801abd0                FSMC_IRQHandler
                0x000000000801abd0                TIM1_UP_IRQHandler
                0x000000000801abd0                WWDG_IRQHandler
                0x000000000801abd0                TIM2_IRQHandler
                0x000000000801abd0                TIM1_BRK_IRQHandler
                0x000000000801abd0                EXTI1_IRQHandler
                0x000000000801abd0                DMA2_Channel4_5_IRQHandler
                0x000000000801abd0                USART2_IRQHandler
                0x000000000801abd0                I2C2_ER_IRQHandler
                0x000000000801abd0                DMA1_Channel2_IRQHandler
                0x000000000801abd0                TIM8_BRK_IRQHandler
                0x000000000801abd0                CAN1_SCE_IRQHandler
                0x000000000801abd0                FLASH_IRQHandler
                0x000000000801abd0                USART1_IRQHandler
                0x000000000801abd0                SPI3_IRQHandler
                0x000000000801abd0                I2C1_ER_IRQHandler
                0x000000000801abd0                USBWakeUp_IRQHandler
                0x000000000801abd0                DMA2_Channel3_IRQHandler
 *fill*         0x000000000801abd2        0x2 
 .text.__libc_init_array
                0x000000000801abd4       0x48 c:/st/stm32cubeide_1.6.1/stm32cubeide/plugins/com.st.stm32cube.ide.mcu.externaltools.gnu-tools-for-stm32.9-2020-q2-update.win32_1.5.0.202011040924/tools/bin/../lib/gcc/arm-none-eabi/9.3.1/../../../../arm-none-eabi/lib/thumb/v7-m/nofp\libc_nano.a(lib_a-init.o)
                0x000000000801abd4                __libc_init_array
 .text.memcmp   0x000000000801ac1c       0x1c c:/st/stm32cubeide_1.6.1/stm32cubeide/plugins/com.st.stm32cube.ide.mcu.externaltools.gnu-tools-for-stm32.9-2020-q2-update.win32_1.5.0.202011040924/tools/bin/../lib/gcc/arm-none-eabi/9.3.1/../../../../arm-none-eabi/lib/thumb/v7-m/nofp\libc_nano.a(lib_a-memcmp.o)
                0x000000000801ac1c                memcmp
 .text.memmove  0x000000000801ac38       0x34 c:/st/stm32cubeide_1.6.1/stm32cubeide/plugins/com.st.stm32cube.ide.mcu.externaltools.gnu-tools-for-stm32.9-2020-q2-update.win32_1.5.0.202011040924/tools/bin/../lib/gcc/arm-none-eabi/9.3.1/../../../../arm-none-eabi/lib/thumb/v7-m/nofp\libc_nano.a(lib_a-memmove.o)
                0x000000000801ac38                memmove
 .text.memset   0x000000000801ac6c       0x10 c:/st/stm32cubeide_1.6.1/stm32cubeide/plugins/com.st.stm32cube.ide.mcu.externaltools.gnu-tools-for-stm32.9-2020-q2-update.win32_1.5.0.202011040924/tools/bin/../lib/gcc/arm-none-eabi/9.3.1/../../../../arm-none-eabi/lib/thumb/v7-m/nofp\libc_nano.a(lib_a-memset.o)
                0x000000000801ac6c                memset
 .text.strcpy   0x000000000801ac7c       0x10 c:/st/stm32cubeide_1.6.1/stm32cubeide/plugins/com.st.stm32cube.ide.mcu.externaltools.gnu-tools-for-stm32.9-2020-q2-update.win32_1.5.0.202011040924/tools/bin/../lib/gcc/arm-none-eabi/9.3.1/../../../../arm-none-eabi/lib/thumb/v7-m/nofp\libc_nano.a(lib_a-strcpy.o)
                0x000000000801ac7c                strcpy
 *(.glue_7)
 .glue_7        0x000000000801ac8c        0x0 linker stubs
 *(.glue_7t)
 .glue_7t       0x000000000801ac8c        0x0 linker stubs
 *(.eh_frame)
 .eh_frame      0x000000000801ac8c        0x0 c:/st/stm32cubeide_1.6.1/stm32cubeide/plugins/com.st.stm32cube.ide.mcu.externaltools.gnu-tools-for-stm32.9-2020-q2-update.win32_1.5.0.202011040924/tools/bin/../lib/gcc/arm-none-eabi/9.3.1/thumb/v7-m/nofp/crtbegin.o
 *(.init)
 .init          0x000000000801ac8c        0x4 c:/st/stm32cubeide_1.6.1/stm32cubeide/plugins/com.st.stm32cube.ide.mcu.externaltools.gnu-tools-for-stm32.9-2020-q2-update.win32_1.5.0.202011040924/tools/bin/../lib/gcc/arm-none-eabi/9.3.1/thumb/v7-m/nofp/crti.o
                0x000000000801ac8c                _init
 .init          0x000000000801ac90        0x8 c:/st/stm32cubeide_1.6.1/stm32cubeide/plugins/com.st.stm32cube.ide.mcu.externaltools.gnu-tools-for-stm32.9-2020-q2-update.win32_1.5.0.202011040924/tools/bin/../lib/gcc/arm-none-eabi/9.3.1/thumb/v7-m/nofp/crtn.o
 *(.fini)
 .fini          0x000000000801ac98        0x4 c:/st/stm32cubeide_1.6.1/stm32cubeide/plugins/com.st.stm32cube.ide.mcu.externaltools.gnu-tools-for-stm32.9-2020-q2-update.win32_1.5.0.202011040924/tools/bin/../lib/gcc/arm-none-eabi/9.3.1/thumb/v7-m/nofp/crti.o
                0x000000000801ac98                _fini
 .fini          0x000000000801ac9c        0x8 c:/st/stm32cubeide_1.6.1/stm32cubeide/plugins/com.st.stm32cube.ide.mcu.externaltools.gnu-tools-for-stm32.9-2020-q2-update.win32_1.5.0.202011040924/tools/bin/../lib/gcc/arm-none-eabi/9.3.1/thumb/v7-m/nofp/crtn.o
                0x000000000801aca4                . = ALIGN (0x4)
                0x000000000801aca4                _etext = .

.vfp11_veneer   0x000000000801aca4        0x0
 .vfp11_veneer  0x000000000801aca4        0x0 linker stubs

.v4_bx          0x000000000801aca4        0x0
 .v4_bx         0x000000000801aca4        0x0 linker stubs

.iplt           0x000000000801aca4        0x0
 .iplt          0x000000000801aca4        0x0 c:/st/stm32cubeide_1.6.1/stm32cubeide/plugins/com.st.stm32cube.ide.mcu.externaltools.gnu-tools-for-stm32.9-2020-q2-update.win32_1.5.0.202011040924/tools/bin/../lib/gcc/arm-none-eabi/9.3.1/thumb/v7-m/nofp/crtbegin.o

.rodata         0x000000000801aca4     0x3750
                0x000000000801aca4                . = ALIGN (0x4)
 *(.rodata)
 .rodata        0x000000000801aca4        0x2 Src/App/ThirdParty/lvgl/src/lv_core/lv_obj.o
 *fill*         0x000000000801aca6        0x2 
 .rodata        0x000000000801aca8        0x2 Src/App/ThirdParty/lvgl/src/lv_draw/lv_draw_img.o
 *fill*         0x000000000801acaa        0x2 
 .rodata        0x000000000801acac        0x2 Src/App/ThirdParty/lvgl/src/lv_draw/lv_draw_rect.o
 *fill*         0x000000000801acae        0x2 
 .rodata        0x000000000801acb0       0x10 Src/App/ThirdParty/lvgl/src/lv_draw/lv_img_buf.o
 .rodata        0x000000000801acc0       0x10 Src/App/ThirdParty/lvgl/src/lv_draw/lv_img_decoder.o
 .rodata        0x000000000801acd0        0x2 Src/App/ThirdParty/lvgl/src/lv_hal/lv_hal_disp.o
 *fill*         0x000000000801acd2        0x2 
 .rodata        0x000000000801acd4        0x2 Src/App/ThirdParty/lvgl/src/lv_misc/lv_color.o
 *fill*         0x000000000801acd6        0x2 
 .rodata        0x000000000801acd8        0x6 Src/App/ThirdParty/lvgl/src/lv_themes/lv_theme_material.o
 *(.rodata*)
 *fill*         0x000000000801acde        0x2 
 .rodata.HAL_RCC_ClockConfig.str1.4
                0x000000000801ace0       0x11 Drivers/STM32F1xx_HAL_Driver/Src/stm32f1xx_hal_rcc.o
 *fill*         0x000000000801acf1        0x3 
 .rodata.App.str1.4
                0x000000000801acf4        0x7 Src/App/App.o
 *fill*         0x000000000801acfb        0x1 
 .rodata.lv_group_create.str1.4
                0x000000000801acfc        0xe Src/App/ThirdParty/lvgl/src/lv_core/lv_group.o
 *fill*         0x000000000801ad0a        0x2 
 .rodata.fade_in_anim_ready.str1.4
                0x000000000801ad0c        0xd Src/App/ThirdParty/lvgl/src/lv_core/lv_obj.o
 .rodata.lv_obj_create.str1.4
                0x000000000801ad19        0xe Src/App/ThirdParty/lvgl/src/lv_core/lv_obj.o
 *fill*         0x000000000801ad19        0x3 
 .rodata.lv_obj_signal.str1.4
                0x000000000801ad1c        0x7 Src/App/ThirdParty/lvgl/src/lv_core/lv_obj.o
 .rodata._lv_style_list_remove_style.str1.4
                0x000000000801ad23        0xe Src/App/ThirdParty/lvgl/src/lv_core/lv_style.o
 *fill*         0x000000000801ad23        0x1 
 .rodata.lv_draw_img.str1.4
                0x000000000801ad24        0x8 Src/App/ThirdParty/lvgl/src/lv_draw/lv_draw_img.o
 .rodata.CSWTCH.37
                0x000000000801ad2c        0xb Src/App/ThirdParty/lvgl/src/lv_draw/lv_draw_img.o
 *fill*         0x000000000801ad37        0x1 
 .rodata._lv_bpp1_opa_table
                0x000000000801ad38        0x2 Src/App/ThirdParty/lvgl/src/lv_draw/lv_draw_label.o
                0x000000000801ad38                _lv_bpp1_opa_table
 *fill*         0x000000000801ad3a        0x2 
 .rodata._lv_bpp2_opa_table
                0x000000000801ad3c        0x4 Src/App/ThirdParty/lvgl/src/lv_draw/lv_draw_label.o
                0x000000000801ad3c                _lv_bpp2_opa_table
 .rodata._lv_bpp4_opa_table
                0x000000000801ad40       0x10 Src/App/ThirdParty/lvgl/src/lv_draw/lv_draw_label.o
                0x000000000801ad40                _lv_bpp4_opa_table
 .rodata._lv_bpp8_opa_table
                0x000000000801ad50      0x100 Src/App/ThirdParty/lvgl/src/lv_draw/lv_draw_label.o
                0x000000000801ad50                _lv_bpp8_opa_table
 .rodata.wcorr.9558
                0x000000000801ae50       0x21 Src/App/ThirdParty/lvgl/src/lv_draw/lv_draw_line.o
 .rodata.lv_img_cache_set_size.str1.4
                0x000000000801ae71        0xe Src/App/ThirdParty/lvgl/src/lv_draw/lv_img_cache.o
 *fill*         0x000000000801ae71        0x3 
 .rodata.lv_img_decoder_built_in_info.str1.4
                0x000000000801ae74        0x4 Src/App/ThirdParty/lvgl/src/lv_draw/lv_img_decoder.o
 .rodata.lv_img_decoder_built_in_open.str1.4
                0x000000000801ae78        0xe Src/App/ThirdParty/lvgl/src/lv_draw/lv_img_decoder.o
 .rodata.lv_font_get_bitmap_fmt_txt.str1.4
                0x000000000801ae78        0xe Src/App/ThirdParty/lvgl/src/lv_font/lv_font_fmt_txt.o
 .rodata.CSWTCH.62
                0x000000000801ae78        0x8 Src/App/ThirdParty/lvgl/src/lv_font/lv_font_fmt_txt.o
 .rodata.cmaps  0x000000000801ae80       0x28 Src/App/ThirdParty/lvgl/src/lv_font/lv_font_montserrat_14.o
 .rodata.glyph_dsc
                0x000000000801aea8      0x4d8 Src/App/ThirdParty/lvgl/src/lv_font/lv_font_montserrat_14.o
 .rodata.gylph_bitmap
                0x000000000801b380     0x219a Src/App/ThirdParty/lvgl/src/lv_font/lv_font_montserrat_14.o
 *fill*         0x000000000801d51a        0x2 
 .rodata.kern_class_values
                0x000000000801d51c      0xbad Src/App/ThirdParty/lvgl/src/lv_font/lv_font_montserrat_14.o
 *fill*         0x000000000801e0c9        0x3 
 .rodata.kern_classes
                0x000000000801e0cc       0x10 Src/App/ThirdParty/lvgl/src/lv_font/lv_font_montserrat_14.o
 .rodata.kern_left_class_mapping
                0x000000000801e0dc       0x9b Src/App/ThirdParty/lvgl/src/lv_font/lv_font_montserrat_14.o
 *fill*         0x000000000801e177        0x1 
 .rodata.kern_right_class_mapping
                0x000000000801e178       0x9b Src/App/ThirdParty/lvgl/src/lv_font/lv_font_montserrat_14.o
 *fill*         0x000000000801e213        0x1 
 .rodata.unicode_list_1
                0x000000000801e214       0x76 Src/App/ThirdParty/lvgl/src/lv_font/lv_font_montserrat_14.o
 .rodata.lv_disp_drv_register.str1.4
                0x000000000801e28a        0xe Src/App/ThirdParty/lvgl/src/lv_hal/lv_hal_disp.o
 .rodata.lv_anim_start.str1.4
                0x000000000801e28a        0xe Src/App/ThirdParty/lvgl/src/lv_misc/lv_anim.o
 *fill*         0x000000000801e28a        0x2 
 .rodata.lv_anim_path_def
                0x000000000801e28c        0x8 Src/App/ThirdParty/lvgl/src/lv_misc/lv_anim.o
                0x000000000801e28c                lv_anim_path_def
 .rodata.lv_fs_open.str1.4
                0x000000000801e294        0xe Src/App/ThirdParty/lvgl/src/lv_misc/lv_fs.o
 .rodata.lv_fs_get_ext.str1.4
                0x000000000801e294        0x4 Src/App/ThirdParty/lvgl/src/lv_misc/lv_fs.o
                                          0x1 (size before relaxing)
 .rodata.sin0_90_table
                0x000000000801e294       0xb6 Src/App/ThirdParty/lvgl/src/lv_misc/lv_math.o
 *fill*         0x000000000801e34a        0x2 
 .rodata._lv_mem_buf_get.str1.4
                0x000000000801e34c       0x81 Src/App/ThirdParty/lvgl/src/lv_misc/lv_mem.o
 .rodata.lv_task_create.str1.4
                0x000000000801e3cd        0xe Src/App/ThirdParty/lvgl/src/lv_misc/lv_task.o
 *fill*         0x000000000801e3cd        0x3 
 .rodata._lv_txt_get_next_line.str1.4
                0x000000000801e3d0        0x8 Src/App/ThirdParty/lvgl/src/lv_misc/lv_txt.o
 .rodata.checkbox_init.str1.4
                0x000000000801e3d8        0x4 Src/App/ThirdParty/lvgl/src/lv_themes/lv_theme_material.o
 .rodata.AHBPrescTable
                0x000000000801e3dc       0x10 Src/system_stm32f1xx.o
                0x000000000801e3dc                AHBPrescTable
 .rodata.APBPrescTable
                0x000000000801e3ec        0x8 Src/system_stm32f1xx.o
                0x000000000801e3ec                APBPrescTable
                0x000000000801e3f4                . = ALIGN (0x4)

.rel.dyn        0x000000000801e3f4        0x0
 .rel.iplt      0x000000000801e3f4        0x0 c:/st/stm32cubeide_1.6.1/stm32cubeide/plugins/com.st.stm32cube.ide.mcu.externaltools.gnu-tools-for-stm32.9-2020-q2-update.win32_1.5.0.202011040924/tools/bin/../lib/gcc/arm-none-eabi/9.3.1/thumb/v7-m/nofp/crtbegin.o

.ARM.extab      0x000000000801e3f4        0x0
                0x000000000801e3f4                . = ALIGN (0x4)
 *(.ARM.extab* .gnu.linkonce.armextab.*)
                0x000000000801e3f4                . = ALIGN (0x4)

.ARM            0x000000000801e3f4        0x0
                0x000000000801e3f4                . = ALIGN (0x4)
                0x000000000801e3f4                __exidx_start = .
 *(.ARM.exidx*)
                0x000000000801e3f4                __exidx_end = .
                0x000000000801e3f4                . = ALIGN (0x4)

.preinit_array  0x000000000801e3f4        0x0
                0x000000000801e3f4                . = ALIGN (0x4)
                0x000000000801e3f4                PROVIDE (__preinit_array_start = .)
 *(.preinit_array*)
                0x000000000801e3f4                PROVIDE (__preinit_array_end = .)
                0x000000000801e3f4                . = ALIGN (0x4)

.init_array     0x000000000801e3f4        0x4
                0x000000000801e3f4                . = ALIGN (0x4)
                0x000000000801e3f4                PROVIDE (__init_array_start = .)
 *(SORT_BY_NAME(.init_array.*))
 *(.init_array*)
 .init_array    0x000000000801e3f4        0x4 c:/st/stm32cubeide_1.6.1/stm32cubeide/plugins/com.st.stm32cube.ide.mcu.externaltools.gnu-tools-for-stm32.9-2020-q2-update.win32_1.5.0.202011040924/tools/bin/../lib/gcc/arm-none-eabi/9.3.1/thumb/v7-m/nofp/crtbegin.o
                0x000000000801e3f8                PROVIDE (__init_array_end = .)
                0x000000000801e3f8                . = ALIGN (0x4)

.fini_array     0x000000000801e3f8        0x4
                0x000000000801e3f8                . = ALIGN (0x4)
                [!provide]                        PROVIDE (__fini_array_start = .)
 *(SORT_BY_NAME(.fini_array.*))
 *(.fini_array*)
 .fini_array    0x000000000801e3f8        0x4 c:/st/stm32cubeide_1.6.1/stm32cubeide/plugins/com.st.stm32cube.ide.mcu.externaltools.gnu-tools-for-stm32.9-2020-q2-update.win32_1.5.0.202011040924/tools/bin/../lib/gcc/arm-none-eabi/9.3.1/thumb/v7-m/nofp/crtbegin.o
                [!provide]                        PROVIDE (__fini_array_end = .)
                0x000000000801e3fc                . = ALIGN (0x4)
                0x000000000801e3fc                _sidata = LOADADDR (.data)

.data           0x0000000020000000       0x54 load address 0x000000000801e3fc
                0x0000000020000000                . = ALIGN (0x4)
                0x0000000020000000                _sdata = .
 *(.data)
 *(.data*)
 .data.uwTickFreq
                0x0000000020000000        0x1 Drivers/STM32F1xx_HAL_Driver/Src/stm32f1xx_hal.o
                0x0000000020000000                uwTickFreq
 *fill*         0x0000000020000001        0x3 
 .data.uwTickPrio
                0x0000000020000004        0x4 Drivers/STM32F1xx_HAL_Driver/Src/stm32f1xx_hal.o
                0x0000000020000004                uwTickPrio
 .data.font_dsc
                0x0000000020000008       0x1c Src/App/ThirdParty/lvgl/src/lv_font/lv_font_montserrat_14.o
 .data.lv_font_montserrat_14
                0x0000000020000024       0x14 Src/App/ThirdParty/lvgl/src/lv_font/lv_font_montserrat_14.o
                0x0000000020000024                lv_font_montserrat_14
 .data.mem_buf_small
                0x0000000020000038       0x10 Src/App/ThirdParty/lvgl/src/lv_misc/lv_mem.o
 .data._lv_txt_encoded_get_char_id
                0x0000000020000048        0x4 Src/App/ThirdParty/lvgl/src/lv_misc/lv_txt.o
                0x0000000020000048                _lv_txt_encoded_get_char_id
 .data._lv_txt_encoded_next
                0x000000002000004c        0x4 Src/App/ThirdParty/lvgl/src/lv_misc/lv_txt.o
                0x000000002000004c                _lv_txt_encoded_next
 .data.SystemCoreClock
                0x0000000020000050        0x4 Src/system_stm32f1xx.o
                0x0000000020000050                SystemCoreClock
                0x0000000020000054                . = ALIGN (0x4)
                0x0000000020000054                _edata = .

.igot.plt       0x0000000020000054        0x0 load address 0x000000000801e450
 .igot.plt      0x0000000020000054        0x0 c:/st/stm32cubeide_1.6.1/stm32cubeide/plugins/com.st.stm32cube.ide.mcu.externaltools.gnu-tools-for-stm32.9-2020-q2-update.win32_1.5.0.202011040924/tools/bin/../lib/gcc/arm-none-eabi/9.3.1/thumb/v7-m/nofp/crtbegin.o
                0x0000000020000054                . = ALIGN (0x4)

.bss            0x0000000020000054     0x8f30 load address 0x000000000801e450
                0x0000000020000054                _sbss = .
                0x0000000020000054                __bss_start__ = _sbss
 *(.bss)
 .bss           0x0000000020000054       0x1c c:/st/stm32cubeide_1.6.1/stm32cubeide/plugins/com.st.stm32cube.ide.mcu.externaltools.gnu-tools-for-stm32.9-2020-q2-update.win32_1.5.0.202011040924/tools/bin/../lib/gcc/arm-none-eabi/9.3.1/thumb/v7-m/nofp/crtbegin.o
 *(.bss*)
 .bss.anglePID  0x0000000020000070       0x18 Src/App/MotionControl/MotionControl.o
 .bss.pwmDifference
                0x0000000020000088        0x4 Src/App/MotionControl/MotionControl.o
 .bss.pidManagement
                0x000000002000008c        0x1 Src/App/PIDManagement/PIDManagement.o
 *fill*         0x000000002000008d        0x3 
 .bss.indev_act
                0x0000000020000090        0x4 Src/App/ThirdParty/lvgl/src/lv_core/lv_indev.o
 .bss.indev_obj_act
                0x0000000020000094        0x4 Src/App/ThirdParty/lvgl/src/lv_core/lv_indev.o
 .bss.event_act_data
                0x0000000020000098        0x4 Src/App/ThirdParty/lvgl/src/lv_core/lv_obj.o
 .bss.event_temp_data_head
                0x000000002000009c        0x4 Src/App/ThirdParty/lvgl/src/lv_core/lv_obj.o
 .bss.lv_initialized
                0x00000000200000a0        0x1 Src/App/ThirdParty/lvgl/src/lv_core/lv_obj.o
 *fill*         0x00000000200000a1        0x3 
 .bss.disp_refr
                0x00000000200000a4        0x4 Src/App/ThirdParty/lvgl/src/lv_core/lv_refr.o
 .bss.px_num    0x00000000200000a8        0x4 Src/App/ThirdParty/lvgl/src/lv_core/lv_refr.o
 .bss.blend_buf
                0x00000000200000ac      0x104 Src/App/ThirdParty/lvgl/src/lv_draw/lv_draw_blend.o
 .bss.opa_table.8777
                0x00000000200001b0      0x100 Src/App/ThirdParty/lvgl/src/lv_draw/lv_draw_label.o
 .bss.prev_bpp.8779
                0x00000000200002b0        0x4 Src/App/ThirdParty/lvgl/src/lv_draw/lv_draw_label.o
 .bss.prev_opa.8778
                0x00000000200002b4        0x1 Src/App/ThirdParty/lvgl/src/lv_draw/lv_draw_label.o
 *fill*         0x00000000200002b5        0x1 
 .bss.entry_cnt
                0x00000000200002b6        0x2 Src/App/ThirdParty/lvgl/src/lv_draw/lv_img_cache.o
 .bss.rle_bpp   0x00000000200002b8        0x1 Src/App/ThirdParty/lvgl/src/lv_font/lv_font_fmt_txt.o
 .bss.rle_cnt   0x00000000200002b9        0x1 Src/App/ThirdParty/lvgl/src/lv_font/lv_font_fmt_txt.o
 *fill*         0x00000000200002ba        0x2 