lv_draw_mask.c:1172:49:lv_draw_mask_map	28	static
lv_draw_mask.c:1126:49:lv_draw_mask_fade	24	static
lv_draw_mask.c:421:49:lv_draw_mask_line	32	static
lv_draw_mask.c:738:49:lv_draw_mask_angle	40	static
lv_draw_mask.c:875:49:lv_draw_mask_radius	80	static
lv_draw_mask.c:70:9:lv_draw_mask_add	8	static
lv_draw_mask.c:100:42:lv_draw_mask_apply	40	static
lv_draw_mask.c:127:8:lv_draw_mask_remove_id	0	static
lv_draw_mask.c:146:8:lv_draw_mask_remove_custom	0	static
lv_draw_mask.c:164:31:lv_draw_mask_get_cnt	0	static
lv_draw_mask.c:185:6:lv_draw_mask_line_points_init	32	static
lv_draw_mask.c:274:6:lv_draw_mask_line_angle_init	32	static
lv_draw_mask.c:300:6:lv_draw_mask_angle_init	56	static
lv_draw_mask.c:364:6:lv_draw_mask_radius_init	16	static
lv_draw_mask.c:390:6:lv_draw_mask_fade_init	16	static
lv_draw_mask.c:409:6:lv_draw_mask_map_init	4	static
